<html>
<body>
<pre>
<h1>µVision Build Log</h1>
<h2>Tool Versions:</h2>
IDE-Version: µVision V5.21.1.0
Copyright (C) 2016 ARM Ltd and ARM Germany GmbH. All rights reserved.
License Information: ngan dung, lan, LIC=585II-T66RT-NNTAF-6QHNZ-8KHDI-65B5R
 
Tool Versions:
Toolchain:       MDK-ARM Plus  Version: 5.21a
Toolchain Path:  C:\Keil_v5\ARM\ARMCC\Bin
C Compiler:      Armcc.exe V5.06 update 3 (build 300)
Assembler:       Armasm.exe V5.06 update 3 (build 300)
Linker/Locator:  ArmLink.exe V5.06 update 3 (build 300)
Library Manager: ArmAr.exe V5.06 update 3 (build 300)
Hex Converter:   FromElf.exe V5.06 update 3 (build 300)
CPU DLL:         SARMCM3.DLL V5.21a
Dialog DLL:      DCM.DLL V1.13.8.0
Target DLL:      STLink\ST-LINKIII-KEIL_SWO.dll V2.0.18.0
Dialog DLL:      TCM.DLL V1.14.14.0
 
<h2>Project:</h2>
C:\Users\Hitle\Desktop\Báo Cáo Lab\Bai_Tap\timer\pass3\PWM_Leddon\PWM_Led.uvprojx
Project File Date:  08/11/2020

<h2>Output:</h2>
*** Using Compiler 'V5.06 update 3 (build 300)', folder: 'C:\Keil_v5\ARM\ARMCC\Bin'
Build target 'PWM_Led'
compiling main.c...
.\user lib\Delay\ecdelay.h(44): warning:  #1-D: last line of file ends without a newline
  /*************************************** THAI E&C ***********************END OF FILE****/
project\main.c(53): warning:  #177-D: variable "pwm_led" was declared but never referenced
  	int pwm_led=0;
project\main.c: 2 warnings, 0 errors
linking...
Program Size: Code=1680 RO-data=828 RW-data=0 ZI-data=1632  
FromELF: creating hex file...
".\Objects\blinkled.axf" - 0 Error(s), 2 Warning(s).

<h2>Collection of Component include folders:</h2>
  C:\Users\Hitle\Desktop\Báo Cáo Lab\Bai_Tap\timer\pass3\PWM_Leddon\RTE
  C:\Keil_v5\ARM\PACK\Keil\STM32F1xx_DFP\2.1.0\Device\Include

<h2>Collection of Component Files used:</h2>
Build Time Elapsed:  00:00:01
</pre>
</body>
</html>
