Component: ARM Compiler 5.06 update 3 (build 300) Tool: armlink [4d35c9]

==============================================================================

Section Cross References

    main.o(i.main) refers to system.o(i.System_Init) for System_Init
    main.o(i.main) refers to system.o(i.Systen_Run) for Systen_Run
    system.o(i.System_Init) refers to system_stm32f10x.o(i.SystemInit) for SystemInit
    system.o(i.System_Init) refers to delay.o(i.delay_init) for delay_init
    system.o(i.System_Init) refers to lcd.o(i.LCD_Init) for LCD_Init
    system.o(i.System_Init) refers to smart_lock_rfid.o(i.RFID_Init) for RFID_Init
    system.o(i.System_Init) refers to timer.o(i.GPIO_Config) for GPIO_Config
    system.o(i.System_Init) refers to timer.o(i.Timer2_StandardLibrary) for Timer2_StandardLibrary
    system.o(i.System_Init) refers to timer.o(i.NVIC_Config) for NVIC_Config
    system.o(i.System_Init) refers to uart.o(i.UART_Config) for UART_Config
    system.o(i.System_Init) refers to uart.o(i.UART_Interrupt) for UART_Interrupt
    system.o(i.System_Init) refers to uart.o(i.UART_Receive_DMA) for UART_Receive_DMA
    system.o(i.System_Init) refers to smart_lock_tft.o(i.LCD_Interface_Waiting) for LCD_Interface_Waiting
    system.o(i.System_Init) refers to smart_lock_sd_card.o(i.Read_Images_SD_Card) for Read_Images_SD_Card
    system.o(i.System_Init) refers to uart.o(.bss) for Str_Interrupt
    system.o(i.Systen_Run) refers to smart_lock_json.o(i.json_packing) for json_packing
    system.o(i.Systen_Run) refers to strstr.o(.text) for strstr
    system.o(i.Systen_Run) refers to smart_lock_json.o(i.Get_Info_Json) for Get_Info_Json
    system.o(i.Systen_Run) refers to test.o(i.interface) for interface
    system.o(i.Systen_Run) refers to smart_lock_tft.o(i.LCD_Display_Information) for LCD_Display_Information
    system.o(i.Systen_Run) refers to smart_lock_sd_card.o(i.Read_Images_SD_Card) for Read_Images_SD_Card
    system.o(i.Systen_Run) refers to smart_lock_tft.o(i.LCD_Delete_Information) for LCD_Delete_Information
    system.o(i.Systen_Run) refers to smart_lock_json.o(i.Json_Copy_Info) for Json_Copy_Info
    system.o(i.Systen_Run) refers to uart.o(i.UART_Receive_DMA) for UART_Receive_DMA
    system.o(i.Systen_Run) refers to smart_lock_tft.o(i.LCD_Interface_Waiting) for LCD_Interface_Waiting
    system.o(i.Systen_Run) refers to delay.o(i.delay_ms) for delay_ms
    system.o(i.Systen_Run) refers to smart_lock_rfid.o(.data) for Flag_RFID_To_Json
    system.o(i.Systen_Run) refers to smart_lock_rfid.o(.bss) for szBuff
    system.o(i.Systen_Run) refers to uart.o(.bss) for Str_Interrupt
    system.o(i.Systen_Run) refers to smart_lock_json.o(.data) for Flag_Json_To_TFT
    system.o(i.Systen_Run) refers to system.o(.data) for Status_display
    smart_lock_json.o(i.Get_Info_Json) refers to load.o(i.json_loads) for json_loads
    smart_lock_json.o(i.Get_Info_Json) refers to value.o(i.json_object_get) for json_object_get
    smart_lock_json.o(i.Get_Info_Json) refers to value.o(i.json_string_value) for json_string_value
    smart_lock_json.o(i.Get_Info_Json) refers to strlen.o(.text) for strlen
    smart_lock_json.o(i.Get_Info_Json) refers to memmovea.o(.text) for __aeabi_memcpy
    smart_lock_json.o(i.Get_Info_Json) refers to smart_lock_json.o(i.json_decref) for json_decref
    smart_lock_json.o(i.Get_Info_Json) refers to smart_lock_json.o(.data) for Id
    smart_lock_json.o(i.Get_Info_Json) refers to smart_lock_json.o(.bss) for new_ID
    smart_lock_json.o(i.Json_Copy_Info) refers to strlen.o(.text) for strlen
    smart_lock_json.o(i.Json_Copy_Info) refers to memmovea.o(.text) for __aeabi_memcpy
    smart_lock_json.o(i.Json_Copy_Info) refers to smart_lock_json.o(.bss) for new_ID
    smart_lock_json.o(i.json_decref) refers to value.o(i.json_delete) for json_delete
    smart_lock_json.o(i.json_packing) refers to value.o(i.json_object) for json_object
    smart_lock_json.o(i.json_packing) refers to value.o(i.json_string) for json_string
    smart_lock_json.o(i.json_packing) refers to value.o(i.json_object_set_new) for json_object_set_new
    smart_lock_json.o(i.json_packing) refers to dump.o(i.json_dumps) for json_dumps
    smart_lock_json.o(i.json_packing) refers to printfa.o(i.__0printf) for __2printf
    smart_lock_json.o(i.json_packing) refers to smart_lock_json.o(i.json_decref) for json_decref
    smart_lock_json.o(i.json_packing) refers to value.o(i.json_delete) for json_delete
    smart_lock_json.o(i.json_packing) refers to strlen.o(.text) for strlen
    smart_lock_json.o(i.json_packing) refers to smart_lock_json.o(.data) for root
    smart_lock_json.o(i.json_packing) refers to smart_lock_rfid.o(.data) for Flag_RFID_To_Json
    smart_lock_json.o(.data) refers to smart_lock_json.o(.conststring) for .conststring
    smart_lock_tft.o(i.LCD_Delete_Information) refers to gui.o(i.Show_Str) for Show_Str
    smart_lock_tft.o(i.LCD_Delete_Information) refers to smart_lock_json.o(.bss) for new_name
[...]
    _printf_lli                              0x00000000   Number         0  stubs.o ABSOLUTE
    _printf_llo                              0x00000000   Number         0  stubs.o ABSOLUTE
    _printf_llu                              0x00000000   Number         0  stubs.o ABSOLUTE
    _printf_llx                              0x00000000   Number         0  stubs.o ABSOLUTE
    _printf_longlong_dec                     0x00000000   Number         0  stubs.o ABSOLUTE
    _printf_longlong_hex                     0x00000000   Number         0  stubs.o ABSOLUTE
    _printf_longlong_oct                     0x00000000   Number         0  stubs.o ABSOLUTE
    _printf_ls                               0x00000000   Number         0  stubs.o ABSOLUTE
    _printf_mbtowc                           0x00000000   Number         0  stubs.o ABSOLUTE
    _printf_n                                0x00000000   Number         0  stubs.o ABSOLUTE
    _printf_o                                0x00000000   Number         0  stubs.o ABSOLUTE
    _printf_p                                0x00000000   Number         0  stubs.o ABSOLUTE
    _printf_percent                          0x00000000   Number         0  stubs.o ABSOLUTE
    _printf_pre_padding                      0x00000000   Number         0  stubs.o ABSOLUTE
    _printf_return_value                     0x00000000   Number         0  stubs.o ABSOLUTE
    _printf_s                                0x00000000   Number         0  stubs.o ABSOLUTE
    _printf_sizespec                         0x00000000   Number         0  stubs.o ABSOLUTE
    _printf_str                              0x00000000   Number         0  stubs.o ABSOLUTE
    _printf_truncate_signed                  0x00000000   Number         0  stubs.o ABSOLUTE
    _printf_truncate_unsigned                0x00000000   Number         0  stubs.o ABSOLUTE
    _printf_u                                0x00000000   Number         0  stubs.o ABSOLUTE
    _printf_wc                               0x00000000   Number         0  stubs.o ABSOLUTE
    _printf_wctomb                           0x00000000   Number         0  stubs.o ABSOLUTE
    _printf_widthprec                        0x00000000   Number         0  stubs.o ABSOLUTE
    _printf_x                                0x00000000   Number         0  stubs.o ABSOLUTE
    __cpp_initialize__aeabi_                  - Undefined Weak Reference
    __cxa_finalize                            - Undefined Weak Reference
    __decompress                              - Undefined Weak Reference
    _clock_init                               - Undefined Weak Reference
    _microlib_exit                            - Undefined Weak Reference
    __Vectors_Size                           0x000000ec   Number         0  startup_stm32f10x_md.o ABSOLUTE
    __Vectors                                0x08000000   Data           4  startup_stm32f10x_md.o(RESET)
    __Vectors_End                            0x080000ec   Data           0  startup_stm32f10x_md.o(RESET)
    __main                                   0x080000ed   Thumb Code     0  entry.o(.ARM.Collect$$$$00000000)
    _main_stk                                0x080000ed   Thumb Code     0  entry2.o(.ARM.Collect$$$$00000001)
    _main_scatterload                        0x080000f1   Thumb Code     0  entry5.o(.ARM.Collect$$$$00000004)
    __main_after_scatterload                 0x080000f5   Thumb Code     0  entry5.o(.ARM.Collect$$$$00000004)
    _main_clock                              0x080000f5   Thumb Code     0  entry7b.o(.ARM.Collect$$$$00000008)
    _main_cpp_init                           0x080000f5   Thumb Code     0  entry8b.o(.ARM.Collect$$$$0000000A)
    _main_init                               0x080000f5   Thumb Code     0  entry9a.o(.ARM.Collect$$$$0000000B)
    __rt_final_cpp                           0x080000fd   Thumb Code     0  entry10a.o(.ARM.Collect$$$$0000000D)
    __rt_final_exit                          0x080000fd   Thumb Code     0  entry11a.o(.ARM.Collect$$$$0000000F)
    Reset_Handler                            0x08000101   Thumb Code     8  startup_stm32f10x_md.o(.text)
    NMI_Handler                              0x08000109   Thumb Code     2  startup_stm32f10x_md.o(.text)
    HardFault_Handler                        0x0800010b   Thumb Code     2  startup_stm32f10x_md.o(.text)
    MemManage_Handler                        0x0800010d   Thumb Code     2  startup_stm32f10x_md.o(.text)
    BusFault_Handler                         0x0800010f   Thumb Code     2  startup_stm32f10x_md.o(.text)
    UsageFault_Handler                       0x08000111   Thumb Code     2  startup_stm32f10x_md.o(.text)
    SVC_Handler                              0x08000113   Thumb Code     2  startup_stm32f10x_md.o(.text)
    DebugMon_Handler                         0x08000115   Thumb Code     2  startup_stm32f10x_md.o(.text)
    PendSV_Handler                           0x08000117   Thumb Code     2  startup_stm32f10x_md.o(.text)
    SysTick_Handler                          0x08000119   Thumb Code     2  startup_stm32f10x_md.o(.text)
    ADC1_2_IRQHandler                        0x0800011b   Thumb Code     0  startup_stm32f10x_md.o(.text)
    CAN1_RX1_IRQHandler                      0x0800011b   Thumb Code     0  startup_stm32f10x_md.o(.text)
    CAN1_SCE_IRQHandler                      0x0800011b   Thumb Code     0  startup_stm32f10x_md.o(.text)
    EXTI0_IRQHandler                         0x0800011b   Thumb Code     0  startup_stm32f10x_md.o(.text)
    EXTI15_10_IRQHandler                     0x0800011b   Thumb Code     0  startup_stm32f10x_md.o(.text)
    EXTI1_IRQHandler                         0x0800011b   Thumb Code     0  startup_stm32f10x_md.o(.text)
    EXTI2_IRQHandler                         0x0800011b   Thumb Code     0  startup_stm32f10x_md.o(.text)
    EXTI3_IRQHandler                         0x0800011b   Thumb Code     0  startup_stm32f10x_md.o(.text)
    EXTI4_IRQHandler                         0x0800011b   Thumb Code     0  startup_stm32f10x_md.o(.text)
    EXTI9_5_IRQHandler                       0x0800011b   Thumb Code     0  startup_stm32f10x_md.o(.text)
    FLASH_IRQHandler                         0x0800011b   Thumb Code     0  startup_stm32f10x_md.o(.text)
    I2C1_ER_IRQHandler                       0x0800011b   Thumb Code     0  startup_stm32f10x_md.o(.text)
    I2C1_EV_IRQHandler                       0x0800011b   Thumb Code     0  startup_stm32f10x_md.o(.text)
    I2C2_ER_IRQHandler                       0x0800011b   Thumb Code     0  startup_stm32f10x_md.o(.text)
    I2C2_EV_IRQHandler                       0x0800011b   Thumb Code     0  startup_stm32f10x_md.o(.text)
    PVD_IRQHandler                           0x0800011b   Thumb Code     0  startup_stm32f10x_md.o(.text)
    RCC_IRQHandler                           0x0800011b   Thumb Code     0  startup_stm32f10x_md.o(.text)
    RTCAlarm_IRQHandler                      0x0800011b   Thumb Code     0  startup_stm32f10x_md.o(.text)
    RTC_IRQHandler                           0x0800011b   Thumb Code     0  startup_stm32f10x_md.o(.text)
    SPI1_IRQHandler                          0x0800011b   Thumb Code     0  startup_stm32f10x_md.o(.text)
    SPI2_IRQHandler                          0x0800011b   Thumb Code     0  startup_stm32f10x_md.o(.text)
    TAMPER_IRQHandler                        0x0800011b   Thumb Code     0  startup_stm32f10x_md.o(.text)
    TIM1_BRK_IRQHandler                      0x0800011b   Thumb Code     0  startup_stm32f10x_md.o(.text)
    TIM1_CC_IRQHandler                       0x0800011b   Thumb Code     0  startup_stm32f10x_md.o(.text)
    TIM1_TRG_COM_IRQHandler                  0x0800011b   Thumb Code     0  startup_stm32f10x_md.o(.text)
    TIM1_UP_IRQHandler                       0x0800011b   Thumb Code     0  startup_stm32f10x_md.o(.text)
    TIM3_IRQHandler                          0x0800011b   Thumb Code     0  startup_stm32f10x_md.o(.text)
    TIM4_IRQHandler                          0x0800011b   Thumb Code     0  startup_stm32f10x_md.o(.text)
    USBWakeUp_IRQHandler                     0x0800011b   Thumb Code     0  startup_stm32f10x_md.o(.text)
    USB_HP_CAN1_TX_IRQHandler                0x0800011b   Thumb Code     0  startup_stm32f10x_md.o(.text)
    USB_LP_CAN1_RX0_IRQHandler               0x0800011b   Thumb Code     0  startup_stm32f10x_md.o(.text)
    WWDG_IRQHandler                          0x0800011b   Thumb Code     0  startup_stm32f10x_md.o(.text)
    __aeabi_uidiv                            0x08000125   Thumb Code     0  uidiv.o(.text)
    __aeabi_uidivmod                         0x08000125   Thumb Code    44  uidiv.o(.text)
    qsort                                    0x08000151   Thumb Code   156  qsort.o(.text)
    ___aeabi_memcpy8$move                    0x080001ed   Thumb Code     0  memmovea.o(.text)
    __aeabi_memcpy                           0x080001ed   Thumb Code    64  memmovea.o(.text)
    __aeabi_memcpy4                          0x080001ed   Thumb Code     0  memmovea.o(.text)
    __aeabi_memmove                          0x080001ed   Thumb Code     0  memmovea.o(.text)
    __aeabi_memmove4                         0x080001ed   Thumb Code     0  memmovea.o(.text)
    __aeabi_memmove8                         0x080001ed   Thumb Code     0  memmovea.o(.text)
    __aeabi_memset                           0x0800022d   Thumb Code    14  memseta.o(.text)
    __aeabi_memset4                          0x0800022d   Thumb Code     0  memseta.o(.text)
    __aeabi_memset8                          0x0800022d   Thumb Code     0  memseta.o(.text)
    __aeabi_memclr                           0x0800023b   Thumb Code     4  memseta.o(.text)
    __aeabi_memclr4                          0x0800023b   Thumb Code     0  memseta.o(.text)
    __aeabi_memclr8                          0x0800023b   Thumb Code     0  memseta.o(.text)
    _memset$wrapper                          0x0800023f   Thumb Code    18  memseta.o(.text)
    strstr                                   0x08000251   Thumb Code    36  strstr.o(.text)
    strchr                                   0x08000275   Thumb Code    20  strchr.o(.text)
    strlen                                   0x08000289   Thumb Code    14  strlen.o(.text)
    strcmp                                   0x08000297   Thumb Code    28  strcmp.o(.text)
    memchr                                   0x080002b3   Thumb Code    20  memchr.o(.text)
    strcpy                                   0x080002c7   Thumb Code    18  strcpy.o(.text)
    strtoll                                  0x080002d9   Thumb Code     4  strtoll.o(.text)
    __aeabi_cdcmpeq                          0x080002dd   Thumb Code     0  cdcmple.o(.text)
    __aeabi_cdcmple                          0x080002dd   Thumb Code    48  cdcmple.o(.text)
    __aeabi_uldivmod                         0x0800030d   Thumb Code    98  uldiv.o(.text)
    __strtod_int                             0x080003a7   Thumb Code    90  strtod.o(.text)
    __strtoll                                0x0800040d   Thumb Code   144  __strtoll.o(.text)
    __I$use$fp                               0x0800049d   Thumb Code     0  iusefp.o(.text)
    _double_round                            0x0800049d   Thumb Code    30  depilogue.o(.text)
    _double_epilogue                         0x080004bb   Thumb Code   156  depilogue.o(.text)
    __aeabi_dadd                             0x08000557   Thumb Code   322  dadd.o(.text)
    __aeabi_dsub                             0x08000699   Thumb Code     6  dadd.o(.text)
    __aeabi_drsub                            0x0800069f   Thumb Code     6  dadd.o(.text)
    __aeabi_dmul                             0x080006a5   Thumb Code   228  dmul.o(.text)
    __aeabi_ddiv                             0x08000789   Thumb Code   222  ddiv.o(.text)
    __aeabi_d2ulz                            0x08000867   Thumb Code    48  dfixul.o(.text)
    __aeabi_cdrcmple                         0x08000899   Thumb Code    48  cdrcmple.o(.text)
    __scatterload                            0x080008c9   Thumb Code    28  init.o(.text)
    __scatterload_rt2                        0x080008c9   Thumb Code     0  init.o(.text)
    __aeabi_llsl                             0x080008ed   Thumb Code    30  llshl.o(.text)
    _ll_shift_l                              0x080008ed   Thumb Code     0  llshl.o(.text)
    __aeabi_llsr                             0x0800090b   Thumb Code    32  llushr.o(.text)
    _ll_ushift_r                             0x0800090b   Thumb Code     0  llushr.o(.text)
    __aeabi_lasr                             0x0800092b   Thumb Code    36  llsshr.o(.text)
    _ll_sshift_r                             0x0800092b   Thumb Code     0  llsshr.o(.text)
    __rt_ctype_table                         0x08000951   Thumb Code     4  ctype_o.o(.text)
    isspace                                  0x08000959   Thumb Code    18  isspace_o.o(.text)
    _scanf_real                              0x08000a6d   Thumb Code     0  scanf_fp.o(.text)
    _scanf_really_real                       0x08000a6d   Thumb Code   556  scanf_fp.o(.text)
    _sgetc                                   0x08000ca5   Thumb Code    30  _sgetc.o(.text)
    _sbackspace                              0x08000cc3   Thumb Code    34  _sgetc.o(.text)
    _strtoull                                0x08000ce5   Thumb Code   194  _strtoull.o(.text)
    _chval                                   0x08000da7   Thumb Code    28  _chval.o(.text)
    __aeabi_ul2d                             0x08000dc3   Thumb Code    24  dfltul.o(.text)
    __aeabi_d2f                              0x08000ddb   Thumb Code    56  d2f.o(.text)
    _float_round                             0x08000e13   Thumb Code    18  fepilogue.o(.text)
    _float_epilogue                          0x08000e25   Thumb Code    92  fepilogue.o(.text)
    DMA1_Channel1_Event                      0x08000e81   Thumb Code     2  dma_stm32f10x.o(i.DMA1_Channel1_Event)
    DMA1_Channel1_IRQHandler                 0x08000e85   Thumb Code    22  dma_stm32f10x.o(i.DMA1_Channel1_IRQHandler)
    DMA1_Channel2_Event                      0x08000ea1   Thumb Code     2  dma_stm32f10x.o(i.DMA1_Channel2_Event)
    DMA1_Channel2_IRQHandler                 0x08000ea5   Thumb Code    24  dma_stm32f10x.o(i.DMA1_Channel2_IRQHandler)
    DMA1_Channel3_Event                      0x08000ec1   Thumb Code     2  dma_stm32f10x.o(i.DMA1_Channel3_Event)
    DMA1_Channel3_IRQHandler                 0x08000ec5   Thumb Code    24  dma_stm32f10x.o(i.DMA1_Channel3_IRQHandler)
    DMA1_Channel4_Event                      0x08000ee1   Thumb Code     2  dma_stm32f10x.o(i.DMA1_Channel4_Event)
    DMA1_Channel4_IRQHandler                 0x08000ee5   Thumb Code    24  dma_stm32f10x.o(i.DMA1_Channel4_IRQHandler)
    DMA1_Channel5_Event                      0x08000f01   Thumb Code     2  dma_stm32f10x.o(i.DMA1_Channel5_Event)
    DMA1_Channel5_IRQHandler                 0x08000f05   Thumb Code    24  dma_stm32f10x.o(i.DMA1_Channel5_IRQHandler)
    DMA1_Channel6_Event                      0x08000f21   Thumb Code     2  dma_stm32f10x.o(i.DMA1_Channel6_Event)
    DMA1_Channel6_IRQHandler                 0x08000f25   Thumb Code    24  dma_stm32f10x.o(i.DMA1_Channel6_IRQHandler)
    DMA1_Channel7_Event                      0x08000f41   Thumb Code     2  dma_stm32f10x.o(i.DMA1_Channel7_Event)
    DMA1_Channel7_IRQHandler                 0x08000f45   Thumb Code    24  dma_stm32f10x.o(i.DMA1_Channel7_IRQHandler)
    DMA_Cmd                                  0x08000f61   Thumb Code    24  stm32f10x_dma.o(i.DMA_Cmd)
    DMA_DeInit                               0x08000f79   Thumb Code   324  stm32f10x_dma.o(i.DMA_DeInit)
    DMA_ITConfig                             0x080010c5   Thumb Code    18  stm32f10x_dma.o(i.DMA_ITConfig)
    DMA_Init                                 0x080010d7   Thumb Code    60  stm32f10x_dma.o(i.DMA_Init)
    GPIO_Config                              0x08001115   Thumb Code    32  timer.o(i.GPIO_Config)
    GPIO_Init                                0x0800113d   Thumb Code   278  stm32f10x_gpio.o(i.GPIO_Init)
    GPIO_SetBits                             0x08001253   Thumb Code     4  stm32f10x_gpio.o(i.GPIO_SetBits)
    GUI_DrawFont16                           0x08001259   Thumb Code   252  gui.o(i.GUI_DrawFont16)
    GUI_DrawFont24                           0x08001361   Thumb Code   268  gui.o(i.GUI_DrawFont24)
    GUI_DrawFont32                           0x08001479   Thumb Code   252  gui.o(i.GUI_DrawFont32)
    Get_Info_Json                            0x08001581   Thumb Code   328  smart_lock_json.o(i.Get_Info_Json)
    Gui_DrawbmpUser                          0x08001739   Thumb Code   100  gui.o(i.Gui_DrawbmpUser)
    Interface_Waiting                        0x080017a1   Thumb Code   226  test.o(i.Interface_Waiting)
    Json_Copy_Info                           0x080018d9   Thumb Code   172  smart_lock_json.o(i.Json_Copy_Info)
    LCD_Delete_Information                   0x080019bd   Thumb Code   188  smart_lock_tft.o(i.LCD_Delete_Information)
    LCD_Display_Information                  0x08001a95   Thumb Code   154  smart_lock_tft.o(i.LCD_Display_Information)
    LCD_DrawLine                             0x08001b4d   Thumb Code   176  gui.o(i.LCD_DrawLine)
    LCD_DrawPoint                            0x08001bfd   Thumb Code    24  lcd.o(i.LCD_DrawPoint)
    LCD_DrawRectangle                        0x08001c19   Thumb Code    64  gui.o(i.LCD_DrawRectangle)
    LCD_Fill                                 0x08001c59   Thumb Code   118  gui.o(i.LCD_Fill)
    LCD_GPIOInit                             0x08001cd5   Thumb Code    40  lcd.o(i.LCD_GPIOInit)
    LCD_Init                                 0x08001d01   Thumb Code   580  lcd.o(i.LCD_Init)
    LCD_Interface_Waiting                    0x08001f49   Thumb Code     8  smart_lock_tft.o(i.LCD_Interface_Waiting)
    LCD_RESET                                0x08001f51   Thumb Code    34  lcd.o(i.LCD_RESET)
    LCD_SetCursor                            0x08001f79   Thumb Code    20  lcd.o(i.LCD_SetCursor)
    LCD_SetWindows                           0x08001f8d   Thumb Code    84  lcd.o(i.LCD_SetWindows)
    LCD_ShowChar                             0x08001fe5   Thumb Code   398  gui.o(i.LCD_ShowChar)
    LCD_TextStr                              0x08002189   Thumb Code   650  gui.o(i.LCD_TextStr)
    LCD_Textchar16                           0x08002415   Thumb Code   126  gui.o(i.LCD_Textchar16)
    LCD_Textchar32                           0x08002499   Thumb Code   126  gui.o(i.LCD_Textchar32)
    LCD_Textchar33                           0x0800251d   Thumb Code   126  gui.o(i.LCD_Textchar33)
    LCD_Textchar48                           0x080025a1   Thumb Code   130  gui.o(i.LCD_Textchar48)
    LCD_WR_DATA                              0x08002629   Thumb Code    38  lcd.o(i.LCD_WR_DATA)
    LCD_WR_REG                               0x08002659   Thumb Code    36  lcd.o(i.LCD_WR_REG)
    LCD_WriteRAM_Prepare                     0x08002685   Thumb Code    12  lcd.o(i.LCD_WriteRAM_Prepare)
    LCD_WriteReg                             0x08002695   Thumb Code    20  lcd.o(i.LCD_WriteReg)
    LCD_direction                            0x080026a9   Thumb Code   128  lcd.o(i.LCD_direction)
    Lcd_WriteData_16Bit                      0x0800272d   Thumb Code    46  lcd.o(i.Lcd_WriteData_16Bit)
    MFRC522_AntennaOn                        0x08002765   Thumb Code    26  mcu-mfrc522.o(i.MFRC522_AntennaOn)
    MFRC522_Anticoll                         0x0800277f   Thumb Code    74  mcu-mfrc522.o(i.MFRC522_Anticoll)
    MFRC522_CalculateCRC                     0x080027c9   Thumb Code   100  mcu-mfrc522.o(i.MFRC522_CalculateCRC)
    MFRC522_Check                            0x0800282d   Thumb Code    32  mcu-mfrc522.o(i.MFRC522_Check)
    MFRC522_ClearBitMask                     0x0800284d   Thumb Code    26  mcu-mfrc522.o(i.MFRC522_ClearBitMask)
    MFRC522_Halt                             0x08002867   Thumb Code    44  mcu-mfrc522.o(i.MFRC522_Halt)
    MFRC522_Init                             0x08002893   Thumb Code    88  mcu-mfrc522.o(i.MFRC522_Init)
    MFRC522_ReadRegister                     0x080028eb   Thumb Code    46  mcu-mfrc522.o(i.MFRC522_ReadRegister)
    MFRC522_Request                          0x08002919   Thumb Code    50  mcu-mfrc522.o(i.MFRC522_Request)
    MFRC522_Reset                            0x0800294b   Thumb Code    12  mcu-mfrc522.o(i.MFRC522_Reset)
    MFRC522_SPI_Transfer                     0x08002959   Thumb Code    50  mcu-mfrc522.o(i.MFRC522_SPI_Transfer)
    MFRC522_SetBitMask                       0x08002991   Thumb Code    26  mcu-mfrc522.o(i.MFRC522_SetBitMask)
    MFRC522_ToCard                           0x080029ab   Thumb Code   298  mcu-mfrc522.o(i.MFRC522_ToCard)
    MFRC522_WriteRegister                    0x08002ad5   Thumb Code    40  mcu-mfrc522.o(i.MFRC522_WriteRegister)
    MSD0_Init                                0x08002afd   Thumb Code   560  spi_msd0_driver.o(i.MSD0_Init)
    MSD0_ReadMultiBlock                      0x08002d35   Thumb Code   120  spi_msd0_driver.o(i.MSD0_ReadMultiBlock)
    MSD0_ReadSingleBlock                     0x08002db5   Thumb Code    62  spi_msd0_driver.o(i.MSD0_ReadSingleBlock)
    MSD0_SPIHighSpeed                        0x08002df9   Thumb Code    84  spi_msd0_driver.o(i.MSD0_SPIHighSpeed)
    MSD0_WriteMultiBlock                     0x08002e51   Thumb Code   272  spi_msd0_driver.o(i.MSD0_WriteMultiBlock)
    MSD0_WriteSingleBlock                    0x08002f69   Thumb Code   190  spi_msd0_driver.o(i.MSD0_WriteSingleBlock)
    MSD0_read_buffer                         0x08003031   Thumb Code   124  spi_msd0_driver.o(i.MSD0_read_buffer)
    MSD0_send_command                        0x080030b1   Thumb Code   120  spi_msd0_driver.o(i.MSD0_send_command)
    MSD0_send_command_hold                   0x0800312d   Thumb Code   106  spi_msd0_driver.o(i.MSD0_send_command_hold)
    MSD0_spi_read_write                      0x0800319d   Thumb Code    40  spi_msd0_driver.o(i.MSD0_spi_read_write)
    MSD1_GetCardInfo                         0x080031c9   Thumb Code   716  spi_msd1_driver.o(i.MSD1_GetCardInfo)
    MSD1_read_buffer                         0x08003495   Thumb Code   130  spi_msd1_driver.o(i.MSD1_read_buffer)
    MSD1_send_command                        0x0800351d   Thumb Code   124  spi_msd1_driver.o(i.MSD1_send_command)
    MSD1_spi_read_write                      0x0800359d   Thumb Code    44  spi_msd1_driver.o(i.MSD1_spi_read_write)
    NVIC_Config                              0x080035cd   Thumb Code    36  timer.o(i.NVIC_Config)
    NVIC_Init                                0x080035f5   Thumb Code   100  misc.o(i.NVIC_Init)
    NVIC_PriorityGroupConfig                 0x08003665   Thumb Code    10  misc.o(i.NVIC_PriorityGroupConfig)
    RCC_AHBPeriphClockCmd                    0x08003679   Thumb Code    26  stm32f10x_rcc.o(i.RCC_AHBPeriphClockCmd)
    RCC_APB1PeriphClockCmd                   0x08003699   Thumb Code    26  stm32f10x_rcc.o(i.RCC_APB1PeriphClockCmd)
    RCC_APB2PeriphClockCmd                   0x080036b9   Thumb Code    26  stm32f10x_rcc.o(i.RCC_APB2PeriphClockCmd)
    RCC_GetClocksFreq                        0x080036d9   Thumb Code   192  stm32f10x_rcc.o(i.RCC_GetClocksFreq)
    RFID_Check_Card                          0x080037ad   Thumb Code   102  smart_lock_rfid.o(i.RFID_Check_Card)
    RFID_Init                                0x08003831   Thumb Code     8  smart_lock_rfid.o(i.RFID_Init)
    Read_Images_SD_Card                      0x08003839   Thumb Code   306  smart_lock_sd_card.o(i.Read_Images_SD_Card)
    SPI1_Init                                0x08003a21   Thumb Code   154  spi.o(i.SPI1_Init)
    SPI2_Init                                0x08003ac9   Thumb Code   148  spi.o(i.SPI2_Init)
    SPI_Cmd                                  0x08003b65   Thumb Code    24  stm32f10x_spi.o(i.SPI_Cmd)
    SPI_I2S_GetFlagStatus                    0x08003b7d   Thumb Code    18  stm32f10x_spi.o(i.SPI_I2S_GetFlagStatus)
    SPI_I2S_ReceiveData                      0x08003b8f   Thumb Code     6  stm32f10x_spi.o(i.SPI_I2S_ReceiveData)
    SPI_I2S_SendData                         0x08003b95   Thumb Code     4  stm32f10x_spi.o(i.SPI_I2S_SendData)
    SPI_Init                                 0x08003b99   Thumb Code    60  stm32f10x_spi.o(i.SPI_Init)
    SPI_WriteByte                            0x08003bd5   Thumb Code    34  spi.o(i.SPI_WriteByte)
    Show_Str                                 0x08003ce1   Thumb Code   264  gui.o(i.Show_Str)
    SysTick_CLKSourceConfig                  0x08003ded   Thumb Code    40  misc.o(i.SysTick_CLKSourceConfig)
    SystemInit                               0x08003e15   Thumb Code    78  system_stm32f10x.o(i.SystemInit)
    System_Init                              0x08003e75   Thumb Code    80  system.o(i.System_Init)
    Systen_Run                               0x08003ed1   Thumb Code   200  system.o(i.Systen_Run)
    TIM2_IRQHandler                          0x08003fc1   Thumb Code    26  timer.o(i.TIM2_IRQHandler)
    TIM_ClearITPendingBit                    0x08003fdb   Thumb Code     6  stm32f10x_tim.o(i.TIM_ClearITPendingBit)
    TIM_Cmd                                  0x08003fe1   Thumb Code    24  stm32f10x_tim.o(i.TIM_Cmd)
    TIM_GetITStatus                          0x08003ff9   Thumb Code    34  stm32f10x_tim.o(i.TIM_GetITStatus)
    TIM_ITConfig                             0x0800401b   Thumb Code    18  stm32f10x_tim.o(i.TIM_ITConfig)
    TIM_TimeBaseInit                         0x0800402d   Thumb Code   122  stm32f10x_tim.o(i.TIM_TimeBaseInit)
    Timer2_StandardLibrary                   0x080040d1   Thumb Code    60  timer.o(i.Timer2_StandardLibrary)
    UART_Config                              0x08004111   Thumb Code   216  uart.o(i.UART_Config)
    UART_Interrupt                           0x08004205   Thumb Code    82  uart.o(i.UART_Interrupt)
    UART_PutStr                              0x08004269   Thumb Code    26  uart.o(i.UART_PutStr)
    UART_Receive_DMA                         0x08004285   Thumb Code   102  uart.o(i.UART_Receive_DMA)
    UART_SendChar                            0x080042f1   Thumb Code    30  uart.o(i.UART_SendChar)
    USART1_IRQHandler                        0x08004311   Thumb Code    44  uart.o(i.USART1_IRQHandler)
    USART2_IRQHandler                        0x08004341   Thumb Code    44  uart.o(i.USART2_IRQHandler)
    USART3_IRQHandler                        0x08004375   Thumb Code    50  uart.o(i.USART3_IRQHandler)
    USART_ClearFlag                          0x080043b5   Thumb Code    18  stm32f10x_usart.o(i.USART_ClearFlag)
    USART_Cmd                                0x080043c7   Thumb Code    24  stm32f10x_usart.o(i.USART_Cmd)
    USART_DMACmd                             0x080043df   Thumb Code    18  stm32f10x_usart.o(i.USART_DMACmd)
    USART_GetFlagStatus                      0x080043f1   Thumb Code    26  stm32f10x_usart.o(i.USART_GetFlagStatus)
    USART_GetITStatus                        0x0800440b   Thumb Code    84  stm32f10x_usart.o(i.USART_GetITStatus)
    USART_ITConfig                           0x0800445f   Thumb Code    74  stm32f10x_usart.o(i.USART_ITConfig)
    USART_Init                               0x080044a9   Thumb Code   210  stm32f10x_usart.o(i.USART_Init)
    USART_ReceiveData                        0x08004581   Thumb Code    10  stm32f10x_usart.o(i.USART_ReceiveData)
    USART_SendData                           0x0800458b   Thumb Code     8  stm32f10x_usart.o(i.USART_SendData)
    __0printf                                0x08004595   Thumb Code    22  printfa.o(i.__0printf)
    __1printf                                0x08004595   Thumb Code     0  printfa.o(i.__0printf)
    __2printf                                0x08004595   Thumb Code     0  printfa.o(i.__0printf)
    __c89printf                              0x08004595   Thumb Code     0  printfa.o(i.__0printf)
    printf                                   0x08004595   Thumb Code     0  printfa.o(i.__0printf)
    __0snprintf                              0x080045b5   Thumb Code    44  printfa.o(i.__0snprintf)
    __1snprintf                              0x080045b5   Thumb Code     0  printfa.o(i.__0snprintf)
    __2snprintf                              0x080045b5   Thumb Code     0  printfa.o(i.__0snprintf)
    __c89snprintf                            0x080045b5   Thumb Code     0  printfa.o(i.__0snprintf)
    snprintf                                 0x080045b5   Thumb Code     0  printfa.o(i.__0snprintf)
    __0sprintf                               0x080045e5   Thumb Code    34  printfa.o(i.__0sprintf)
    __1sprintf                               0x080045e5   Thumb Code     0  printfa.o(i.__0sprintf)
    __2sprintf                               0x080045e5   Thumb Code     0  printfa.o(i.__0sprintf)
    __c89sprintf                             0x080045e5   Thumb Code     0  printfa.o(i.__0sprintf)
    sprintf                                  0x080045e5   Thumb Code     0  printfa.o(i.__0sprintf)
    __0vsnprintf                             0x0800460d   Thumb Code    40  printfa.o(i.__0vsnprintf)
    __1vsnprintf                             0x0800460d   Thumb Code     0  printfa.o(i.__0vsnprintf)
    __2vsnprintf                             0x0800460d   Thumb Code     0  printfa.o(i.__0vsnprintf)
    __c89vsnprintf                           0x0800460d   Thumb Code     0  printfa.o(i.__0vsnprintf)
    vsnprintf                                0x0800460d   Thumb Code     0  printfa.o(i.__0vsnprintf)
    __ARM_common_switch8                     0x08004639   Thumb Code    26  dump.o(i.__ARM_common_switch8)
    __ARM_isinf                              0x08004653   Thumb Code    22  value.o(i.__ARM_isinf)
    __ARM_isnan                              0x08004669   Thumb Code    20  value.o(i.__ARM_isnan)
    __aeabi_errno_addr                       0x08004681   Thumb Code     4  errno.o(i.__aeabi_errno_addr)
    __rt_errno_addr                          0x08004681   Thumb Code     0  errno.o(i.__aeabi_errno_addr)
    __scatterload_copy                       0x08004689   Thumb Code    14  handlers.o(i.__scatterload_copy)
    __scatterload_null                       0x08004697   Thumb Code     2  handlers.o(i.__scatterload_null)
    __scatterload_zeroinit                   0x08004699   Thumb Code    14  handlers.o(i.__scatterload_zeroinit)
    _is_digit                                0x0800482d   Thumb Code    14  scanf_fp.o(i._is_digit)
    clust2sect                               0x080053f1   Thumb Code    26  ff.o(i.clust2sect)
    delay_init                               0x080057e5   Thumb Code    52  delay.o(i.delay_init)
    delay_ms                                 0x08005821   Thumb Code    56  delay.o(i.delay_ms)
    digitalWrite                             0x0800585d   Thumb Code    58  mcu-gpio.o(i.digitalWrite)
    disk_initialize                          0x08005cbb   Thumb Code    52  diskio.o(i.disk_initialize)
    disk_ioctl                               0x08005cf1   Thumb Code   162  diskio.o(i.disk_ioctl)
    disk_read                                0x08005d99   Thumb Code    90  diskio.o(i.disk_read)
    disk_status                              0x08005df3   Thumb Code    30  diskio.o(i.disk_status)
    disk_write                               0x08005e11   Thumb Code    90  diskio.o(i.disk_write)
    f_close                                  0x0800647d   Thumb Code    22  ff.o(i.f_close)
    f_mount                                  0x08006495   Thumb Code    38  ff.o(i.f_mount)
    f_open                                   0x080064c1   Thumb Code   368  ff.o(i.f_open)
    f_read                                   0x08006635   Thumb Code   462  ff.o(i.f_read)
    f_sync                                   0x08006803   Thumb Code   184  ff.o(i.f_sync)
    f_write                                  0x080068bb   Thumb Code   526  ff.o(i.f_write)
    ff_convert                               0x08006ac9   Thumb Code    70  ccsbcs.o(i.ff_convert)
    ff_wtoupper                              0x08006b15   Thumb Code    46  ccsbcs.o(i.ff_wtoupper)
    fputc                                    0x08006c6d   Thumb Code    18  uart.o(i.fputc)
    free                                     0x08006c85   Thumb Code    76  malloc.o(i.free)
    gen_numname                              0x08006cd5   Thumb Code   168  ff.o(i.gen_numname)
    get_fat                                  0x08006d7d   Thumb Code   228  ff.o(i.get_fat)
    get_fattime                              0x08006e61   Thumb Code     4  diskio.o(i.get_fattime)
    hashtable_close                          0x08006fa9   Thumb Code    16  hashtable.o(i.hashtable_close)
    hashtable_get                            0x0800708d   Thumb Code    58  hashtable.o(i.hashtable_get)
    hashtable_init                           0x080070cd   Thumb Code    72  hashtable.o(i.hashtable_init)
    hashtable_iter                           0x08007115   Thumb Code    12  hashtable.o(i.hashtable_iter)
    hashtable_iter_key                       0x08007121   Thumb Code     4  hashtable.o(i.hashtable_iter_key)
    hashtable_iter_next                      0x08007125   Thumb Code    14  hashtable.o(i.hashtable_iter_next)
    hashtable_iter_serial                    0x08007133   Thumb Code     4  hashtable.o(i.hashtable_iter_serial)
    hashtable_iter_value                     0x08007137   Thumb Code     4  hashtable.o(i.hashtable_iter_value)
    hashtable_set                            0x0800713d   Thumb Code   168  hashtable.o(i.hashtable_set)
    interface                                0x08007215   Thumb Code   412  test.o(i.interface)
    json_array                               0x08007455   Thumb Code    54  value.o(i.json_array)
    json_array_append_new                    0x0800748d   Thumb Code    68  value.o(i.json_array_append_new)
    json_array_get                           0x080074d5   Thumb Code    28  value.o(i.json_array_get)
    json_array_size                          0x0800753d   Thumb Code    18  value.o(i.json_array_size)
    json_delete                              0x080075b3   Thumb Code    84  value.o(i.json_delete)
    json_dump_callback                       0x08007607   Thumb Code    42  dump.o(i.json_dump_callback)
    json_dumps                               0x08007631   Thumb Code    62  dump.o(i.json_dumps)
    json_false                               0x08007675   Thumb Code     4  value.o(i.json_false)
    json_integer                             0x0800768d   Thumb Code    28  value.o(i.json_integer)
    json_integer_value                       0x080076a9   Thumb Code    24  value.o(i.json_integer_value)
    json_loads                               0x080076c1   Thumb Code    82  load.o(i.json_loads)
    json_null                                0x08007735   Thumb Code     4  value.o(i.json_null)
    json_object                              0x0800773d   Thumb Code    70  value.o(i.json_object)
    json_object_get                          0x08007789   Thumb Code    28  value.o(i.json_object_get)
    json_object_iter                         0x080077a5   Thumb Code    24  value.o(i.json_object_iter)
    json_object_iter_key                     0x080077bd   Thumb Code    12  value.o(i.json_object_iter_key)
    json_object_iter_next                    0x080077c9   Thumb Code    28  value.o(i.json_object_iter_next)
    json_object_iter_value                   0x080077e5   Thumb Code    12  value.o(i.json_object_iter_value)
    json_object_seed                         0x080077f1   Thumb Code    34  hashtable_seed.o(i.json_object_seed)
    json_object_set_new                      0x08007819   Thumb Code    52  value.o(i.json_object_set_new)
    json_object_set_new_nocheck              0x0800784d   Thumb Code    58  value.o(i.json_object_set_new_nocheck)
    json_object_size                         0x0800788d   Thumb Code    18  value.o(i.json_object_size)
    json_packing                             0x080078a1   Thumb Code   108  smart_lock_json.o(i.json_packing)
    json_real                                0x08007921   Thumb Code    52  value.o(i.json_real)
    json_real_value                          0x08007955   Thumb Code    24  value.o(i.json_real_value)
    json_string                              0x0800796d   Thumb Code    24  value.o(i.json_string)
    json_string_length                       0x08007985   Thumb Code    18  value.o(i.json_string_length)
    json_string_value                        0x08007997   Thumb Code    18  value.o(i.json_string_value)
    json_stringn                             0x080079a9   Thumb Code    32  value.o(i.json_stringn)
    json_true                                0x080079c9   Thumb Code     4  value.o(i.json_true)
    jsonp_dtostr                             0x080079d1   Thumb Code   150  strconv.o(i.jsonp_dtostr)
    jsonp_error_init                         0x08007a71   Thumb Code    34  error.o(i.jsonp_error_init)
    jsonp_error_set                          0x08007a93   Thumb Code    16  error.o(i.jsonp_error_set)
    jsonp_error_set_source                   0x08007aa5   Thumb Code    56  error.o(i.jsonp_error_set_source)
    jsonp_error_vset                         0x08007ae1   Thumb Code    44  error.o(i.jsonp_error_vset)
    jsonp_free                               0x08007b0d   Thumb Code    12  memory.o(i.jsonp_free)
    jsonp_malloc                             0x08007b1d   Thumb Code    12  memory.o(i.jsonp_malloc)
    jsonp_strdup                             0x08007b2d   Thumb Code    18  memory.o(i.jsonp_strdup)
    jsonp_stringn_nocheck_own                0x08007b3f   Thumb Code    10  value.o(i.jsonp_stringn_nocheck_own)
    jsonp_strndup                            0x08007b49   Thumb Code    36  memory.o(i.jsonp_strndup)
    jsonp_strtod                             0x08007b6d   Thumb Code    90  strconv.o(i.jsonp_strtod)
    main                                     0x080081e1   Thumb Code    12  main.o(i.main)
    malloc                                   0x080081ed   Thumb Code    92  malloc.o(i.malloc)
    pinMode                                  0x0800872d   Thumb Code   198  mcu-gpio.o(i.pinMode)
    put_fat                                  0x080087f9   Thumb Code   310  ff.o(i.put_fat)
    seed_from_timestamp_and_pid              0x08008997   Thumb Code     6  jansson_config.o(i.seed_from_timestamp_and_pid)
    strbuffer_append_byte                    0x0800899d   Thumb Code    12  strbuffer.o(i.strbuffer_append_byte)
    strbuffer_append_bytes                   0x080089a9   Thumb Code   108  strbuffer.o(i.strbuffer_append_bytes)
    strbuffer_clear                          0x08008a19   Thumb Code    10  strbuffer.o(i.strbuffer_clear)
    strbuffer_close                          0x08008a23   Thumb Code    24  strbuffer.o(i.strbuffer_close)
    strbuffer_init                           0x08008a3b   Thumb Code    34  strbuffer.o(i.strbuffer_init)
    strbuffer_pop                            0x08008a5d   Thumb Code    24  strbuffer.o(i.strbuffer_pop)
    strbuffer_value                          0x08008a75   Thumb Code     4  strbuffer.o(i.strbuffer_value)
    strtod                                   0x08008bfd   Thumb Code    28  strtod.o(i.strtod)
    utf8_check_first                         0x08008d03   Thumb Code    60  utf.o(i.utf8_check_first)
    utf8_check_full                          0x08008d41   Thumb Code   126  utf.o(i.utf8_check_full)
    utf8_check_string                        0x08008dc9   Thumb Code    62  utf.o(i.utf8_check_string)
    utf8_encode                              0x08008e09   Thumb Code   120  utf.o(i.utf8_encode)
    utf8_iterate                             0x08008e85   Thumb Code    64  utf.o(i.utf8_iterate)
    gImage_minhphuong                        0x08008eee   Data       14000  smart_lock_sd_card.o(.constdata)
    asc2_1206                                0x0800c59e   Data        1140  gui.o(.constdata)
    asc2_1608                                0x0800ca12   Data        1520  gui.o(.constdata)
    tfont16                                  0x0800d002   Data        2108  gui.o(.constdata)
    tfont24                                  0x0800d83e   Data         518  gui.o(.constdata)
    tfont32                                  0x0800da44   Data         520  gui.o(.constdata)
    tile_ch                                  0x0800dc4c   Data        4560  gui.o(.constdata)
    _font1608                                0x0800ee1c   Data        1520  gui.o(.constdata)
    _font08x16                               0x0800f40c   Data        3040  gui.o(.constdata)
    _font12x16B                              0x0800ffec   Data        3040  gui.o(.constdata)
    _font12x24                               0x08010bcc   Data        4560  gui.o(.constdata)
    _font24x24                               0x08011d9c   Data        6840  gui.o(.constdata)
    Name                                     0x08013854   Data        3200  test.o(.constdata)
    gImage_ptit                              0x080144d4   Data        3208  test.o(.constdata)
    PTIT_logo40x49                           0x0801515c   Data        3920  test.o(.constdata)
    Pin_val                                  0x080165fc   Data         576  mcu-gpio.o(.constdata)
    __ctype_table                            0x0801685d   Data         129  ctype_o.o(.constdata)
    Region$$Table$$Base                      0x080168e8   Number         0  anon$$obj.o(Region$$Table)
    Region$$Table$$Limit                     0x08016908   Number         0  anon$$obj.o(Region$$Table)
    Count                                    0x20000000   Data           4  system.o(.data)
    k                                        0x20000004   Data           4  system.o(.data)
    Status_display                           0x20000008   Data           4  system.o(.data)
    root                                     0x2000000c   Data           4  smart_lock_json.o(.data)
    str_Res                                  0x20000010   Data           4  smart_lock_json.o(.data)
    Flag_Json_To_TFT                         0x20000014   Data           4  smart_lock_json.o(.data)
    Id                                       0x20000018   Data           4  smart_lock_json.o(.data)
    name                                     0x2000001c   Data           4  smart_lock_json.o(.data)
    gender                                   0x20000020   Data           4  smart_lock_json.o(.data)
    birth                                    0x20000024   Data           4  smart_lock_json.o(.data)
    _class                                   0x20000028   Data           4  smart_lock_json.o(.data)
    msv                                      0x2000002c   Data           4  smart_lock_json.o(.data)
    school                                   0x20000030   Data           4  smart_lock_json.o(.data)
    res                                      0x20000034   Data           1  smart_lock_sd_card.o(.data)
    br                                       0x20000038   Data           4  smart_lock_sd_card.o(.data)
    bw                                       0x2000003c   Data           4  smart_lock_sd_card.o(.data)
    path0                                    0x20000040   Data         100  smart_lock_sd_card.o(.data)
    Flag_RFID_To_Json                        0x200000a4   Data           4  smart_lock_rfid.o(.data)
    POINT_COLOR                              0x200000ac   Data           2  lcd.o(.data)
    BACK_COLOR                               0x200000ae   Data           2  lcd.o(.data)
    DeviceCode                               0x200000b0   Data           2  lcd.o(.data)
    GPIO_InitStruct                          0x200000ba   Data           4  timer.o(.data)
    NVIC_InitStruct                          0x200000be   Data           4  timer.o(.data)
    __stdout                                 0x200000c4   Data           4  uart.o(.data)
    GPIO_InitStructure                       0x200000c8   Data           4  uart.o(.data)
    NVIC_InitStructure                       0x200000cc   Data           4  uart.o(.data)
    Cout_Interrupt                           0x200000d0   Data           4  uart.o(.data)
    hashtable_seed                           0x20000108   Data           4  hashtable_seed.o(.data)
    __microlib_freelist                      0x20000110   Data           4  mvars.o(.data)
    __microlib_freelist_initialised          0x20000114   Data           4  mvars.o(.data)
    new_ID                                   0x20000118   Data          20  smart_lock_json.o(.bss)
    new_name                                 0x2000012c   Data          20  smart_lock_json.o(.bss)
    new_gender                               0x20000140   Data          20  smart_lock_json.o(.bss)
    new_birth                                0x20000154   Data          20  smart_lock_json.o(.bss)
    new_class                                0x20000168   Data          20  smart_lock_json.o(.bss)
    new_msv                                  0x2000017c   Data          20  smart_lock_json.o(.bss)
    new_school                               0x20000190   Data          20  smart_lock_json.o(.bss)
    old_ID                                   0x200001a4   Data          20  smart_lock_json.o(.bss)
    old_name                                 0x200001b8   Data          20  smart_lock_json.o(.bss)
    old_gender                               0x200001cc   Data          20  smart_lock_json.o(.bss)
    old_birth                                0x200001e0   Data          20  smart_lock_json.o(.bss)
    old_class                                0x200001f4   Data          20  smart_lock_json.o(.bss)
    old_msv                                  0x20000208   Data          20  smart_lock_json.o(.bss)
    old_school                               0x2000021c   Data          20  smart_lock_json.o(.bss)
    fs                                       0x20000230   Data         560  smart_lock_sd_card.o(.bss)
    fsrc                                     0x20000460   Data         548  smart_lock_sd_card.o(.bss)
    fdst                                     0x20000684   Data         548  smart_lock_sd_card.o(.bss)
    buffer1                                  0x200008a8   Data       11000  smart_lock_sd_card.o(.bss)
    Image_name                               0x200033a0   Data          30  smart_lock_sd_card.o(.bss)
    CardID                                   0x200033be   Data         100  smart_lock_rfid.o(.bss)
    szBuff                                   0x20003422   Data         100  smart_lock_rfid.o(.bss)
    str_check                                0x20003486   Data         100  smart_lock_rfid.o(.bss)
    lcddev                                   0x200034ea   Data          14  lcd.o(.bss)
    SD0_CardInfo                             0x200034f8   Data          88  spi_msd0_driver.o(.bss)
    TIM2_InitStruct                          0x20003750   Data          10  timer.o(.bss)
    UART_InitStructure                       0x2000375c   Data          16  uart.o(.bss)
    Str_Interrupt                            0x2000376c   Data        1000  uart.o(.bss)
    __heap_base                              0x20003b58   Data           0  startup_stm32f10x_md.o(HEAP)
    __heap_limit                             0x20004a58   Data           0  startup_stm32f10x_md.o(HEAP)
    __initial_sp                             0x20004e58   Data           0  startup_stm32f10x_md.o(STACK)



==============================================================================

Memory Map of the image

  Image Entry point : 0x080000ed

  Load Region LR_IROM1 (Base: 0x08000000, Size: 0x00016a20, Max: 0x00040000, ABSOLUTE)

    Execution Region ER_IROM1 (Base: 0x08000000, Size: 0x00016908, Max: 0x00040000, ABSOLUTE)

    Base Addr    Size         Type   Attr      Idx    E Section Name        Object

    0x08000000   0x000000ec   Data   RO         3541    RESET               startup_stm32f10x_md.o
    0x080000ec   0x00000000   Code   RO         4665  * .ARM.Collect$$$$00000000  mc_w.l(entry.o)
    0x080000ec   0x00000004   Code   RO         5022    .ARM.Collect$$$$00000001  mc_w.l(entry2.o)
    0x080000f0   0x00000004   Code   RO         5025    .ARM.Collect$$$$00000004  mc_w.l(entry5.o)
    0x080000f4   0x00000000   Code   RO         5027    .ARM.Collect$$$$00000008  mc_w.l(entry7b.o)
    0x080000f4   0x00000000   Code   RO         5029    .ARM.Collect$$$$0000000A  mc_w.l(entry8b.o)
    0x080000f4   0x00000008   Code   RO         5030    .ARM.Collect$$$$0000000B  mc_w.l(entry9a.o)
    0x080000fc   0x00000000   Code   RO         5032    .ARM.Collect$$$$0000000D  mc_w.l(entry10a.o)
    0x080000fc   0x00000000   Code   RO         5034    .ARM.Collect$$$$0000000F  mc_w.l(entry11a.o)
    0x080000fc   0x00000004   Code   RO         5023    .ARM.Collect$$$$00002712  mc_w.l(entry2.o)
    0x08000100   0x00000024   Code   RO         3542    .text               startup_stm32f10x_md.o
    0x08000124   0x0000002c   Code   RO         4688    .text               mc_w.l(uidiv.o)
    0x08000150   0x0000009c   Code   RO         4690    .text               mc_w.l(qsort.o)
    0x080001ec   0x00000040   Code   RO         4696    .text               mc_w.l(memmovea.o)
    0x0800022c   0x00000024   Code   RO         4698    .text               mc_w.l(memseta.o)
    0x08000250   0x00000024   Code   RO         4700    .text               mc_w.l(strstr.o)
    0x08000274   0x00000014   Code   RO         4702    .text               mc_w.l(strchr.o)
    0x08000288   0x0000000e   Code   RO         4704    .text               mc_w.l(strlen.o)
    0x08000296   0x0000001c   Code   RO         4706    .text               mc_w.l(strcmp.o)
    0x080002b2   0x00000014   Code   RO         4708    .text               mc_w.l(memchr.o)
    0x080002c6   0x00000012   Code   RO         4712    .text               mc_w.l(strcpy.o)
    0x080002d8   0x00000004   Code   RO         5016    .text               mc_w.l(strtoll.o)
    0x080002dc   0x00000030   Code   RO         5020    .text               mf_w.l(cdcmple.o)
    0x0800030c   0x00000062   Code   RO         5037    .text               mc_w.l(uldiv.o)
    0x0800036e   0x00000002   PAD
    0x08000370   0x0000009c   Code   RO         5041    .text               mc_w.l(strtod.o)
    0x0800040c   0x00000090   Code   RO         5043    .text               mc_w.l(__strtoll.o)
    0x0800049c   0x00000000   Code   RO         5045    .text               mc_w.l(iusefp.o)
    0x0800049c   0x000000ba   Code   RO         5047    .text               mf_w.l(depilogue.o)
    0x08000556   0x0000014e   Code   RO         5049    .text               mf_w.l(dadd.o)
    0x080006a4   0x000000e4   Code   RO         5051    .text               mf_w.l(dmul.o)
    0x08000788   0x000000de   Code   RO         5053    .text               mf_w.l(ddiv.o)
    0x08000866   0x00000030   Code   RO         5055    .text               mf_w.l(dfixul.o)
    0x08000896   0x00000002   PAD
    0x08000898   0x00000030   Code   RO         5057    .text               mf_w.l(cdrcmple.o)
    0x080008c8   0x00000024   Code   RO         5059    .text               mc_w.l(init.o)
    0x080008ec   0x0000001e   Code   RO         5061    .text               mc_w.l(llshl.o)
    0x0800090a   0x00000020   Code   RO         5063    .text               mc_w.l(llushr.o)
    0x0800092a   0x00000024   Code   RO         5065    .text               mc_w.l(llsshr.o)
    0x0800094e   0x00000002   PAD
    0x08000950   0x00000008   Code   RO         5069    .text               mc_w.l(ctype_o.o)
    0x08000958   0x00000012   Code   RO         5091    .text               mc_w.l(isspace_o.o)
    0x0800096a   0x00000002   PAD
    0x0800096c   0x00000338   Code   RO         5097    .text               mc_w.l(scanf_fp.o)
    0x08000ca4   0x00000040   Code   RO         5101    .text               mc_w.l(_sgetc.o)
    0x08000ce4   0x000000c2   Code   RO         5103    .text               mc_w.l(_strtoull.o)
    0x08000da6   0x0000001c   Code   RO         5108    .text               mc_w.l(_chval.o)
    0x08000dc2   0x00000018   Code   RO         5110    .text               mf_w.l(dfltul.o)
    0x08000dda   0x00000038   Code   RO         5112    .text               mf_w.l(d2f.o)
    0x08000e12   0x0000006e   Code   RO         5114    .text               mf_w.l(fepilogue.o)
    0x08000e80   0x00000002   Code   RO         3347    i.DMA1_Channel1_Event  dma_stm32f10x.o
    0x08000e82   0x00000002   PAD
    0x08000e84   0x0000001c   Code   RO         3348    i.DMA1_Channel1_IRQHandler  dma_stm32f10x.o
    0x08000ea0   0x00000002   Code   RO         3349    i.DMA1_Channel2_Event  dma_stm32f10x.o
    0x08000ea2   0x00000002   PAD
    0x08000ea4   0x0000001c   Code   RO         3350    i.DMA1_Channel2_IRQHandler  dma_stm32f10x.o
    0x08000ec0   0x00000002   Code   RO         3351    i.DMA1_Channel3_Event  dma_stm32f10x.o
    0x08000ec2   0x00000002   PAD
    0x08000ec4   0x0000001c   Code   RO         3352    i.DMA1_Channel3_IRQHandler  dma_stm32f10x.o
    0x08000ee0   0x00000002   Code   RO         3353    i.DMA1_Channel4_Event  dma_stm32f10x.o
    0x08000ee2   0x00000002   PAD
    0x08000ee4   0x0000001c   Code   RO         3354    i.DMA1_Channel4_IRQHandler  dma_stm32f10x.o
    0x08000f00   0x00000002   Code   RO         3355    i.DMA1_Channel5_Event  dma_stm32f10x.o
    0x08000f02   0x00000002   PAD
    0x08000f04   0x0000001c   Code   RO         3356    i.DMA1_Channel5_IRQHandler  dma_stm32f10x.o
    0x08000f20   0x00000002   Code   RO         3357    i.DMA1_Channel6_Event  dma_stm32f10x.o
    0x08000f22   0x00000002   PAD
    0x08000f24   0x0000001c   Code   RO         3358    i.DMA1_Channel6_IRQHandler  dma_stm32f10x.o
    0x08000f40   0x00000002   Code   RO         3359    i.DMA1_Channel7_Event  dma_stm32f10x.o
    0x08000f42   0x00000002   PAD
    0x08000f44   0x0000001c   Code   RO         3360    i.DMA1_Channel7_IRQHandler  dma_stm32f10x.o
    0x08000f60   0x00000018   Code   RO         1887    i.DMA_Cmd           stm32f10x_dma.o
    0x08000f78   0x0000014c   Code   RO         1888    i.DMA_DeInit        stm32f10x_dma.o
    0x080010c4   0x00000012   Code   RO         1892    i.DMA_ITConfig      stm32f10x_dma.o
    0x080010d6   0x0000003c   Code   RO         1893    i.DMA_Init          stm32f10x_dma.o
    0x08001112   0x00000002   PAD
    0x08001114   0x00000028   Code   RO         1678    i.GPIO_Config       timer.o
    0x0800113c   0x00000116   Code   RO         2041    i.GPIO_Init         stm32f10x_gpio.o
    0x08001252   0x00000004   Code   RO         2049    i.GPIO_SetBits      stm32f10x_gpio.o
    0x08001256   0x00000002   PAD
    0x08001258   0x00000108   Code   RO          423    i.GUI_DrawFont16    gui.o
    0x08001360   0x00000118   Code   RO          424    i.GUI_DrawFont24    gui.o
    0x08001478   0x00000108   Code   RO          425    i.GUI_DrawFont32    gui.o
    0x08001580   0x000001b8   Code   RO          218    i.Get_Info_Json     smart_lock_json.o
    0x08001738   0x00000068   Code   RO          428    i.Gui_DrawbmpUser   gui.o
    0x080017a0   0x00000138   Code   RO          612    i.Interface_Waiting  test.o
    0x080018d8   0x000000e4   Code   RO          219    i.Json_Copy_Info    smart_lock_json.o
    0x080019bc   0x000000d8   Code   RO          279    i.LCD_Delete_Information  smart_lock_tft.o
    0x08001a94   0x000000b8   Code   RO          280    i.LCD_Display_Information  smart_lock_tft.o
    0x08001b4c   0x000000b0   Code   RO          432    i.LCD_DrawLine      gui.o
    0x08001bfc   0x0000001c   Code   RO          806    i.LCD_DrawPoint     lcd.o
    0x08001c18   0x00000040   Code   RO          433    i.LCD_DrawRectangle  gui.o
    0x08001c58   0x0000007c   Code   RO          434    i.LCD_Fill          gui.o
    0x08001cd4   0x0000002c   Code   RO          807    i.LCD_GPIOInit      lcd.o
    0x08001d00   0x00000248   Code   RO          808    i.LCD_Init          lcd.o
    0x08001f48   0x00000008   Code   RO          282    i.LCD_Interface_Waiting  smart_lock_tft.o
    0x08001f50   0x00000028   Code   RO          809    i.LCD_RESET         lcd.o
    0x08001f78   0x00000014   Code   RO          810    i.LCD_SetCursor     lcd.o
    0x08001f8c   0x00000058   Code   RO          811    i.LCD_SetWindows    lcd.o
    0x08001fe4   0x000001a4   Code   RO          435    i.LCD_ShowChar      gui.o
    0x08002188   0x0000028a   Code   RO          438    i.LCD_TextStr       gui.o
    0x08002412   0x00000002   PAD
    0x08002414   0x00000084   Code   RO          439    i.LCD_Textchar16    gui.o
    0x08002498   0x00000084   Code   RO          440    i.LCD_Textchar32    gui.o
    0x0800251c   0x00000084   Code   RO          441    i.LCD_Textchar33    gui.o
    0x080025a0   0x00000088   Code   RO          442    i.LCD_Textchar48    gui.o
    0x08002628   0x00000030   Code   RO          812    i.LCD_WR_DATA       lcd.o
    0x08002658   0x0000002c   Code   RO          813    i.LCD_WR_REG        lcd.o
    0x08002684   0x00000010   Code   RO          814    i.LCD_WriteRAM_Prepare  lcd.o
    0x08002694   0x00000014   Code   RO          815    i.LCD_WriteReg      lcd.o
    0x080026a8   0x00000084   Code   RO          816    i.LCD_direction     lcd.o
    0x0800272c   0x00000038   Code   RO          817    i.Lcd_WriteData_16Bit  lcd.o
    0x08002764   0x0000001a   Code   RO          909    i.MFRC522_AntennaOn  mcu-mfrc522.o
    0x0800277e   0x0000004a   Code   RO          910    i.MFRC522_Anticoll  mcu-mfrc522.o
    0x080027c8   0x00000064   Code   RO          912    i.MFRC522_CalculateCRC  mcu-mfrc522.o
    0x0800282c   0x00000020   Code   RO          913    i.MFRC522_Check     mcu-mfrc522.o
    0x0800284c   0x0000001a   Code   RO          914    i.MFRC522_ClearBitMask  mcu-mfrc522.o
    0x08002866   0x0000002c   Code   RO          916    i.MFRC522_Halt      mcu-mfrc522.o
    0x08002892   0x00000058   Code   RO          917    i.MFRC522_Init      mcu-mfrc522.o
    0x080028ea   0x0000002e   Code   RO          919    i.MFRC522_ReadRegister  mcu-mfrc522.o
    0x08002918   0x00000032   Code   RO          920    i.MFRC522_Request   mcu-mfrc522.o
    0x0800294a   0x0000000c   Code   RO          921    i.MFRC522_Reset     mcu-mfrc522.o
    0x08002956   0x00000002   PAD
    0x08002958   0x00000038   Code   RO          922    i.MFRC522_SPI_Transfer  mcu-mfrc522.o
    0x08002990   0x0000001a   Code   RO          924    i.MFRC522_SetBitMask  mcu-mfrc522.o
    0x080029aa   0x0000012a   Code   RO          925    i.MFRC522_ToCard    mcu-mfrc522.o
    0x08002ad4   0x00000028   Code   RO          927    i.MFRC522_WriteRegister  mcu-mfrc522.o
    0x08002afc   0x00000238   Code   RO         1047    i.MSD0_Init         spi_msd0_driver.o
    0x08002d34   0x00000080   Code   RO         1048    i.MSD0_ReadMultiBlock  spi_msd0_driver.o
    0x08002db4   0x00000044   Code   RO         1049    i.MSD0_ReadSingleBlock  spi_msd0_driver.o
    0x08002df8   0x00000058   Code   RO         1050    i.MSD0_SPIHighSpeed  spi_msd0_driver.o
    0x08002e50   0x00000118   Code   RO         1052    i.MSD0_WriteMultiBlock  spi_msd0_driver.o
    0x08002f68   0x000000c8   Code   RO         1053    i.MSD0_WriteSingleBlock  spi_msd0_driver.o
    0x08003030   0x00000080   Code   RO         1054    i.MSD0_read_buffer  spi_msd0_driver.o
    0x080030b0   0x0000007c   Code   RO         1055    i.MSD0_send_command  spi_msd0_driver.o
    0x0800312c   0x00000070   Code   RO         1056    i.MSD0_send_command_hold  spi_msd0_driver.o
    0x0800319c   0x0000002c   Code   RO         1127    i.MSD0_spi_read_write  spi_msd0_driver.o
    0x080031c8   0x000002cc   Code   RO         1143    i.MSD1_GetCardInfo  spi_msd1_driver.o
    0x08003494   0x00000088   Code   RO         1151    i.MSD1_read_buffer  spi_msd1_driver.o
    0x0800351c   0x00000080   Code   RO         1152    i.MSD1_send_command  spi_msd1_driver.o
    0x0800359c   0x00000030   Code   RO         1224    i.MSD1_spi_read_write  spi_msd1_driver.o
    0x080035cc   0x00000028   Code   RO         1679    i.NVIC_Config       timer.o
    0x080035f4   0x00000070   Code   RO         1837    i.NVIC_Init         misc.o
    0x08003664   0x00000014   Code   RO         1838    i.NVIC_PriorityGroupConfig  misc.o
    0x08003678   0x00000020   Code   RO         2162    i.RCC_AHBPeriphClockCmd  stm32f10x_rcc.o
    0x08003698   0x00000020   Code   RO         2163    i.RCC_APB1PeriphClockCmd  stm32f10x_rcc.o
    0x080036b8   0x00000020   Code   RO         2165    i.RCC_APB2PeriphClockCmd  stm32f10x_rcc.o
    0x080036d8   0x000000d4   Code   RO         2173    i.RCC_GetClocksFreq  stm32f10x_rcc.o
    0x080037ac   0x00000084   Code   RO          384    i.RFID_Check_Card   smart_lock_rfid.o
    0x08003830   0x00000008   Code   RO          385    i.RFID_Init         smart_lock_rfid.o
    0x08003838   0x000001e8   Code   RO          342    i.Read_Images_SD_Card  smart_lock_sd_card.o
    0x08003a20   0x000000a8   Code   RO         1642    i.SPI1_Init         spi.o
    0x08003ac8   0x0000009c   Code   RO         1643    i.SPI2_Init         spi.o
    0x08003b64   0x00000018   Code   RO         2378    i.SPI_Cmd           stm32f10x_spi.o
    0x08003b7c   0x00000012   Code   RO         2386    i.SPI_I2S_GetFlagStatus  stm32f10x_spi.o
    0x08003b8e   0x00000006   Code   RO         2389    i.SPI_I2S_ReceiveData  stm32f10x_spi.o
    0x08003b94   0x00000004   Code   RO         2390    i.SPI_I2S_SendData  stm32f10x_spi.o
    0x08003b98   0x0000003c   Code   RO         2391    i.SPI_Init          stm32f10x_spi.o
    0x08003bd4   0x00000022   Code   RO         1644    i.SPI_WriteByte     spi.o
    0x08003bf6   0x00000008   Code   RO         3549    i.SetSysClock       system_stm32f10x.o
    0x08003bfe   0x00000002   PAD
    0x08003c00   0x000000e0   Code   RO         3550    i.SetSysClockTo72   system_stm32f10x.o
    0x08003ce0   0x0000010c   Code   RO          443    i.Show_Str          gui.o
    0x08003dec   0x00000028   Code   RO         1841    i.SysTick_CLKSourceConfig  misc.o
    0x08003e14   0x00000060   Code   RO         3552    i.SystemInit        system_stm32f10x.o
    0x08003e74   0x0000005c   Code   RO          181    i.System_Init       system.o
    0x08003ed0   0x000000f0   Code   RO          182    i.Systen_Run        system.o
    0x08003fc0   0x0000001a   Code   RO         1680    i.TIM2_IRQHandler   timer.o
    0x08003fda   0x00000006   Code   RO         2540    i.TIM_ClearITPendingBit  stm32f10x_tim.o
    0x08003fe0   0x00000018   Code   RO         2545    i.TIM_Cmd           stm32f10x_tim.o
    0x08003ff8   0x00000022   Code   RO         2566    i.TIM_GetITStatus   stm32f10x_tim.o
    0x0800401a   0x00000012   Code   RO         2570    i.TIM_ITConfig      stm32f10x_tim.o
    0x0800402c   0x000000a4   Code   RO         2616    i.TIM_TimeBaseInit  stm32f10x_tim.o
    0x080040d0   0x00000040   Code   RO         1681    i.Timer2_StandardLibrary  timer.o
    0x08004110   0x000000f4   Code   RO         1725    i.UART_Config       uart.o
    0x08004204   0x00000064   Code   RO         1726    i.UART_Interrupt    uart.o
    0x08004268   0x0000001a   Code   RO         1727    i.UART_PutStr       uart.o
    0x08004282   0x00000002   PAD
    0x08004284   0x0000006c   Code   RO         1728    i.UART_Receive_DMA  uart.o
    0x080042f0   0x0000001e   Code   RO         1731    i.UART_SendChar     uart.o
    0x0800430e   0x00000002   PAD
    0x08004310   0x00000030   Code   RO         1732    i.USART1_IRQHandler  uart.o
    0x08004340   0x00000034   Code   RO         1733    i.USART2_IRQHandler  uart.o
    0x08004374   0x00000040   Code   RO         1734    i.USART3_IRQHandler  uart.o
    0x080043b4   0x00000012   Code   RO         3089    i.USART_ClearFlag   stm32f10x_usart.o
    0x080043c6   0x00000018   Code   RO         3093    i.USART_Cmd         stm32f10x_usart.o
    0x080043de   0x00000012   Code   RO         3094    i.USART_DMACmd      stm32f10x_usart.o
    0x080043f0   0x0000001a   Code   RO         3096    i.USART_GetFlagStatus  stm32f10x_usart.o
    0x0800440a   0x00000054   Code   RO         3097    i.USART_GetITStatus  stm32f10x_usart.o
    0x0800445e   0x0000004a   Code   RO         3099    i.USART_ITConfig    stm32f10x_usart.o
    0x080044a8   0x000000d8   Code   RO         3100    i.USART_Init        stm32f10x_usart.o
    0x08004580   0x0000000a   Code   RO         3107    i.USART_ReceiveData  stm32f10x_usart.o
    0x0800458a   0x00000008   Code   RO         3110    i.USART_SendData    stm32f10x_usart.o
    0x08004592   0x00000002   PAD
    0x08004594   0x00000020   Code   RO         4953    i.__0printf         mc_w.l(printfa.o)
    0x080045b4   0x00000030   Code   RO         4954    i.__0snprintf       mc_w.l(printfa.o)
    0x080045e4   0x00000028   Code   RO         4955    i.__0sprintf        mc_w.l(printfa.o)
    0x0800460c   0x0000002c   Code   RO         4958    i.__0vsnprintf      mc_w.l(printfa.o)
    0x08004638   0x0000001a   Code   RO         3654    i.__ARM_common_switch8  jansson_CM3LE.lib(dump.o)
    0x08004652   0x00000016   Code   RO         4212    i.__ARM_isinf       jansson_CM3LE.lib(value.o)
    0x08004668   0x00000018   Code   RO         4217    i.__ARM_isnan       jansson_CM3LE.lib(value.o)
    0x08004680   0x00000008   Code   RO         5009    i.__aeabi_errno_addr  mc_w.l(errno.o)
    0x08004688   0x0000000e   Code   RO         5118    i.__scatterload_copy  mc_w.l(handlers.o)
    0x08004696   0x00000002   Code   RO         5119    i.__scatterload_null  mc_w.l(handlers.o)
    0x08004698   0x0000000e   Code   RO         5120    i.__scatterload_zeroinit  mc_w.l(handlers.o)
    0x080046a6   0x00000002   PAD
    0x080046a8   0x00000184   Code   RO         4960    i._fp_digits        mc_w.l(printfa.o)
    0x0800482c   0x0000000e   Code   RO         5099    i._is_digit         mc_w.l(scanf_fp.o)
    0x0800483a   0x00000002   PAD
    0x0800483c   0x000006dc   Code   RO         4961    i._printf_core      mc_w.l(printfa.o)
    0x08004f18   0x00000024   Code   RO         4962    i._printf_post_padding  mc_w.l(printfa.o)
    0x08004f3c   0x0000002e   Code   RO         4963    i._printf_pre_padding  mc_w.l(printfa.o)
    0x08004f6a   0x00000016   Code   RO         4964    i._snputc           mc_w.l(printfa.o)
    0x08004f80   0x0000000a   Code   RO         4965    i._sputc            mc_w.l(printfa.o)
    0x08004f8a   0x00000018   Code   RO         3866    i.array_copy        jansson_CM3LE.lib(value.o)
    0x08004fa2   0x00000016   Code   RO         4316    i.bucket_is_empty   jansson_CM3LE.lib(hashtable.o)
    0x08004fb8   0x00000090   Code   RO         1314    i.check_fs          ff.o
    0x08005048   0x00000014   Code   RO         1315    i.chk_chr           ff.o
    0x0800505c   0x00000394   Code   RO         1316    i.chk_mounted       ff.o
    0x080053f0   0x0000001a   Code   RO         1317    i.clust2sect        ff.o
    0x0800540a   0x00000002   PAD
    0x0800540c   0x00000090   Code   RO         1318    i.cmp_lfn           ff.o
    0x0800549c   0x000000ca   Code   RO         1319    i.create_chain      ff.o
    0x08005566   0x00000002   PAD
    0x08005568   0x00000230   Code   RO         1320    i.create_name       ff.o
    0x08005798   0x0000004c   Code   RO         3702    i.decode_unicode_escape  jansson_CM3LE.lib(load.o)
    0x080057e4   0x0000003c   Code   RO          667    i.delay_init        delay.o
    0x08005820   0x0000003c   Code   RO          668    i.delay_ms          delay.o
    0x0800585c   0x00000040   Code   RO         1579    i.digitalWrite      mcu-gpio.o
    0x0800589c   0x000000de   Code   RO         1321    i.dir_find          ff.o
    0x0800597a   0x00000118   Code   RO         1322    i.dir_next          ff.o
    0x08005a92   0x0000018c   Code   RO         1324    i.dir_register      ff.o
    0x08005c1e   0x0000009c   Code   RO         1326    i.dir_sdi           ff.o
    0x08005cba   0x00000034   Code   RO         1259    i.disk_initialize   diskio.o
    0x08005cee   0x00000002   PAD
    0x08005cf0   0x000000a8   Code   RO         1260    i.disk_ioctl        diskio.o
    0x08005d98   0x0000005a   Code   RO         1261    i.disk_read         diskio.o
    0x08005df2   0x0000001e   Code   RO         1262    i.disk_status       diskio.o
    0x08005e10   0x0000005a   Code   RO         1263    i.disk_write        diskio.o
    0x08005e6a   0x00000002   PAD
    0x08005e6c   0x00000394   Code   RO         3592    i.do_dump           jansson_CM3LE.lib(dump.o)
    0x08006200   0x00000060   Code   RO         3593    i.dump_indent       jansson_CM3LE.lib(dump.o)
    0x08006260   0x0000014c   Code   RO         3594    i.dump_string       jansson_CM3LE.lib(dump.o)
    0x080063ac   0x00000010   Code   RO         3596    i.dump_to_strbuffer  jansson_CM3LE.lib(dump.o)
    0x080063bc   0x000000c0   Code   RO         3703    i.error_set         jansson_CM3LE.lib(load.o)
    0x0800647c   0x00000016   Code   RO         1328    i.f_close           ff.o
    0x08006492   0x00000002   PAD
    0x08006494   0x0000002c   Code   RO         1332    i.f_mount           ff.o
    0x080064c0   0x00000174   Code   RO         1333    i.f_open            ff.o
    0x08006634   0x000001ce   Code   RO         1335    i.f_read            ff.o
    0x08006802   0x000000b8   Code   RO         1339    i.f_sync            ff.o
    0x080068ba   0x0000020e   Code   RO         1343    i.f_write           ff.o
    0x08006ac8   0x0000004c   Code   RO         1233    i.ff_convert        ccsbcs.o
    0x08006b14   0x00000038   Code   RO         1234    i.ff_wtoupper       ccsbcs.o
    0x08006b4c   0x00000080   Code   RO         1344    i.fit_lfn           ff.o
    0x08006bcc   0x0000009e   Code   RO         1345    i.follow_path       ff.o
    0x08006c6a   0x00000002   PAD
    0x08006c6c   0x00000018   Code   RO         1735    i.fputc             uart.o
    0x08006c84   0x00000050   Code   RO         4981    i.free              mc_w.l(malloc.o)
    0x08006cd4   0x000000a8   Code   RO         1346    i.gen_numname       ff.o
    0x08006d7c   0x000000e4   Code   RO         1347    i.get_fat           ff.o
    0x08006e60   0x00000004   Code   RO         1264    i.get_fattime       diskio.o
    0x08006e64   0x00000144   Code   RO         4317    i.hashlittle        jansson_CM3LE.lib(hashtable.o)
    0x08006fa8   0x00000010   Code   RO         4319    i.hashtable_close   jansson_CM3LE.lib(hashtable.o)
    0x08006fb8   0x00000022   Code   RO         4321    i.hashtable_do_clear  jansson_CM3LE.lib(hashtable.o)
    0x08006fda   0x00000076   Code   RO         4323    i.hashtable_do_rehash  jansson_CM3LE.lib(hashtable.o)
    0x08007050   0x0000003c   Code   RO         4324    i.hashtable_find_pair  jansson_CM3LE.lib(hashtable.o)
    0x0800708c   0x00000040   Code   RO         4325    i.hashtable_get     jansson_CM3LE.lib(hashtable.o)
    0x080070cc   0x00000048   Code   RO         4326    i.hashtable_init    jansson_CM3LE.lib(hashtable.o)
    0x08007114   0x0000000c   Code   RO         4327    i.hashtable_iter    jansson_CM3LE.lib(hashtable.o)
    0x08007120   0x00000004   Code   RO         4329    i.hashtable_iter_key  jansson_CM3LE.lib(hashtable.o)
    0x08007124   0x0000000e   Code   RO         4330    i.hashtable_iter_next  jansson_CM3LE.lib(hashtable.o)
    0x08007132   0x00000004   Code   RO         4331    i.hashtable_iter_serial  jansson_CM3LE.lib(hashtable.o)
    0x08007136   0x00000004   Code   RO         4333    i.hashtable_iter_value  jansson_CM3LE.lib(hashtable.o)
    0x0800713a   0x00000002   PAD
    0x0800713c   0x000000ac   Code   RO         4334    i.hashtable_set     jansson_CM3LE.lib(hashtable.o)
    0x080071e8   0x0000002a   Code   RO         4335    i.insert_to_bucket  jansson_CM3LE.lib(hashtable.o)
    0x08007212   0x00000002   PAD
    0x08007214   0x00000240   Code   RO          616    i.interface         test.o
    0x08007454   0x00000036   Code   RO         3868    i.json_array        jansson_CM3LE.lib(value.o)
    0x0800748a   0x00000002   PAD
    0x0800748c   0x00000048   Code   RO         3869    i.json_array_append_new  jansson_CM3LE.lib(value.o)
    0x080074d4   0x0000001c   Code   RO         3872    i.json_array_get    jansson_CM3LE.lib(value.o)
    0x080074f0   0x0000004c   Code   RO         3873    i.json_array_grow   jansson_CM3LE.lib(value.o)
    0x0800753c   0x00000012   Code   RO         3877    i.json_array_size   jansson_CM3LE.lib(value.o)
    0x0800754e   0x0000001c   Code   RO          220    i.json_decref       smart_lock_json.o
    0x0800756a   0x00000018   Code   RO         3704    i.json_decref       jansson_CM3LE.lib(load.o)
    0x08007582   0x00000018   Code   RO         3879    i.json_decref       jansson_CM3LE.lib(value.o)
    0x0800759a   0x00000018   Code   RO         4336    i.json_decref       jansson_CM3LE.lib(hashtable.o)
    0x080075b2   0x00000054   Code   RO         3881    i.json_delete       jansson_CM3LE.lib(value.o)
    0x08007606   0x0000002a   Code   RO         3597    i.json_dump_callback  jansson_CM3LE.lib(dump.o)
    0x08007630   0x00000044   Code   RO         3600    i.json_dumps        jansson_CM3LE.lib(dump.o)
    0x08007674   0x00000008   Code   RO         3883    i.json_false        jansson_CM3LE.lib(value.o)
    0x0800767c   0x00000010   Code   RO         3705    i.json_incref       jansson_CM3LE.lib(load.o)
    0x0800768c   0x0000001c   Code   RO         3885    i.json_integer      jansson_CM3LE.lib(value.o)
    0x080076a8   0x00000018   Code   RO         3887    i.json_integer_value  jansson_CM3LE.lib(value.o)
    0x080076c0   0x00000074   Code   RO         3710    i.json_loads        jansson_CM3LE.lib(load.o)
    0x08007734   0x00000008   Code   RO         3888    i.json_null         jansson_CM3LE.lib(value.o)
    0x0800773c   0x0000004c   Code   RO         3890    i.json_object       jansson_CM3LE.lib(value.o)
    0x08007788   0x0000001c   Code   RO         3895    i.json_object_get   jansson_CM3LE.lib(value.o)
    0x080077a4   0x00000018   Code   RO         3896    i.json_object_iter  jansson_CM3LE.lib(value.o)
    0x080077bc   0x0000000c   Code   RO         3898    i.json_object_iter_key  jansson_CM3LE.lib(value.o)
    0x080077c8   0x0000001c   Code   RO         3899    i.json_object_iter_next  jansson_CM3LE.lib(value.o)
    0x080077e4   0x0000000c   Code   RO         3901    i.json_object_iter_value  jansson_CM3LE.lib(value.o)
    0x080077f0   0x00000028   Code   RO         4643    i.json_object_seed  jansson_CM3LE.lib(hashtable_seed.o)
    0x08007818   0x00000034   Code   RO         3903    i.json_object_set_new  jansson_CM3LE.lib(value.o)
    0x0800784c   0x00000040   Code   RO         3904    i.json_object_set_new_nocheck  jansson_CM3LE.lib(value.o)
    0x0800788c   0x00000012   Code   RO         3906    i.json_object_size  jansson_CM3LE.lib(value.o)
    0x0800789e   0x00000002   PAD
    0x080078a0   0x00000080   Code   RO          221    i.json_packing      smart_lock_json.o
    0x08007920   0x00000034   Code   RO         3910    i.json_real         jansson_CM3LE.lib(value.o)
    0x08007954   0x00000018   Code   RO         3912    i.json_real_value   jansson_CM3LE.lib(value.o)
    0x0800796c   0x00000018   Code   RO         3913    i.json_string       jansson_CM3LE.lib(value.o)
    0x08007984   0x00000012   Code   RO         3915    i.json_string_length  jansson_CM3LE.lib(value.o)
    0x08007996   0x00000012   Code   RO         3921    i.json_string_value  jansson_CM3LE.lib(value.o)
    0x080079a8   0x00000020   Code   RO         3922    i.json_stringn      jansson_CM3LE.lib(value.o)
    0x080079c8   0x00000008   Code   RO         3924    i.json_true         jansson_CM3LE.lib(value.o)
    0x080079d0   0x000000a0   Code   RO         4579    i.jsonp_dtostr      jansson_CM3LE.lib(strconv.o)
    0x08007a70   0x00000022   Code   RO         4261    i.jsonp_error_init  jansson_CM3LE.lib(error.o)
    0x08007a92   0x00000010   Code   RO         4262    i.jsonp_error_set   jansson_CM3LE.lib(error.o)
    0x08007aa2   0x00000002   PAD
    0x08007aa4   0x0000003c   Code   RO         4263    i.jsonp_error_set_source  jansson_CM3LE.lib(error.o)
    0x08007ae0   0x0000002c   Code   RO         4264    i.jsonp_error_vset  jansson_CM3LE.lib(error.o)
    0x08007b0c   0x00000010   Code   RO         4474    i.jsonp_free        jansson_CM3LE.lib(memory.o)
    0x08007b1c   0x00000010   Code   RO         4475    i.jsonp_malloc      jansson_CM3LE.lib(memory.o)
    0x08007b2c   0x00000012   Code   RO         4476    i.jsonp_strdup      jansson_CM3LE.lib(memory.o)
    0x08007b3e   0x0000000a   Code   RO         3925    i.jsonp_stringn_nocheck_own  jansson_CM3LE.lib(value.o)
    0x08007b48   0x00000024   Code   RO         4477    i.jsonp_strndup     jansson_CM3LE.lib(memory.o)
    0x08007b6c   0x00000064   Code   RO         4580    i.jsonp_strtod      jansson_CM3LE.lib(strconv.o)
    0x08007bd0   0x0000001c   Code   RO         3711    i.lex_close         jansson_CM3LE.lib(load.o)
    0x08007bec   0x00000012   Code   RO         3712    i.lex_free_string   jansson_CM3LE.lib(load.o)
    0x08007bfe   0x00000008   Code   RO         3713    i.lex_get           jansson_CM3LE.lib(load.o)
    0x08007c06   0x0000001e   Code   RO         3714    i.lex_get_save      jansson_CM3LE.lib(load.o)
    0x08007c24   0x00000030   Code   RO         3715    i.lex_init          jansson_CM3LE.lib(load.o)
    0x08007c54   0x0000000c   Code   RO         3716    i.lex_save          jansson_CM3LE.lib(load.o)
    0x08007c60   0x00000138   Code   RO         3717    i.lex_scan          jansson_CM3LE.lib(load.o)
    0x08007d98   0x0000018c   Code   RO         3718    i.lex_scan_number   jansson_CM3LE.lib(load.o)
    0x08007f24   0x00000288   Code   RO         3719    i.lex_scan_string   jansson_CM3LE.lib(load.o)
    0x080081ac   0x00000026   Code   RO         3720    i.lex_unget_unsave  jansson_CM3LE.lib(load.o)
    0x080081d2   0x0000000e   Code   RO         4337    i.list_insert       jansson_CM3LE.lib(hashtable.o)
    0x080081e0   0x0000000c   Code   RO            4    i.main              main.o
    0x080081ec   0x0000006c   Code   RO         4982    i.malloc            mc_w.l(malloc.o)
    0x08008258   0x00000026   Code   RO         1349    i.mem_cmp           ff.o
    0x0800827e   0x0000001a   Code   RO         1350    i.mem_cpy           ff.o
    0x08008298   0x00000014   Code   RO         1351    i.mem_set           ff.o
    0x080082ac   0x00000072   Code   RO         1352    i.move_window       ff.o
    0x0800831e   0x0000000c   Code   RO         3601    i.object_key_compare_keys  jansson_CM3LE.lib(dump.o)
    0x0800832a   0x0000001a   Code   RO         3602    i.object_key_compare_serials  jansson_CM3LE.lib(dump.o)
    0x08008344   0x00000094   Code   RO         3721    i.parse_array       jansson_CM3LE.lib(load.o)
    0x080083d8   0x00000094   Code   RO         3722    i.parse_json        jansson_CM3LE.lib(load.o)
    0x0800846c   0x00000180   Code   RO         3723    i.parse_object      jansson_CM3LE.lib(load.o)
    0x080085ec   0x00000140   Code   RO         3724    i.parse_value       jansson_CM3LE.lib(load.o)
    0x0800872c   0x000000cc   Code   RO         1580    i.pinMode           mcu-gpio.o
    0x080087f8   0x00000136   Code   RO         1354    i.put_fat           ff.o
    0x0800892e   0x00000068   Code   RO         1355    i.remove_chain      ff.o
    0x08008996   0x00000006   Code   RO         1822    i.seed_from_timestamp_and_pid  jansson_config.o
    0x0800899c   0x0000000c   Code   RO         4520    i.strbuffer_append_byte  jansson_CM3LE.lib(strbuffer.o)
    0x080089a8   0x00000070   Code   RO         4521    i.strbuffer_append_bytes  jansson_CM3LE.lib(strbuffer.o)
    0x08008a18   0x0000000a   Code   RO         4522    i.strbuffer_clear   jansson_CM3LE.lib(strbuffer.o)
    0x08008a22   0x00000018   Code   RO         4523    i.strbuffer_close   jansson_CM3LE.lib(strbuffer.o)
    0x08008a3a   0x00000022   Code   RO         4524    i.strbuffer_init    jansson_CM3LE.lib(strbuffer.o)
    0x08008a5c   0x00000018   Code   RO         4525    i.strbuffer_pop     jansson_CM3LE.lib(strbuffer.o)
    0x08008a74   0x00000004   Code   RO         4527    i.strbuffer_value   jansson_CM3LE.lib(strbuffer.o)
    0x08008a78   0x000000e4   Code   RO         3725    i.stream_get        jansson_CM3LE.lib(load.o)
    0x08008b5c   0x0000004a   Code   RO         3726    i.stream_unget      jansson_CM3LE.lib(load.o)
    0x08008ba6   0x0000003e   Code   RO         3926    i.string_create     jansson_CM3LE.lib(value.o)
    0x08008be4   0x00000018   Code   RO         3727    i.string_get        jansson_CM3LE.lib(load.o)
    0x08008bfc   0x0000001c   Code   RO         4662    i.strtod            m_ws.l(strtod.o)
    0x08008c18   0x00000020   Code   RO         1356    i.sum_sfn           ff.o
    0x08008c38   0x000000ca   Code   RO         1357    i.sync              ff.o
    0x08008d02   0x0000003c   Code   RO         4607    i.utf8_check_first  jansson_CM3LE.lib(utf.o)
    0x08008d3e   0x00000002   PAD
    0x08008d40   0x00000088   Code   RO         4608    i.utf8_check_full   jansson_CM3LE.lib(utf.o)
    0x08008dc8   0x0000003e   Code   RO         4609    i.utf8_check_string  jansson_CM3LE.lib(utf.o)
    0x08008e06   0x00000002   PAD
    0x08008e08   0x0000007c   Code   RO         4610    i.utf8_encode       jansson_CM3LE.lib(utf.o)
    0x08008e84   0x00000040   Code   RO         4611    i.utf8_iterate      jansson_CM3LE.lib(utf.o)
    0x08008ec4   0x0000002a   Code   RO         1358    i.validate          ff.o
    0x08008eee   0x000036b0   Data   RO          344    .constdata          smart_lock_sd_card.o
    0x0800c59e   0x000072b6   Data   RO          449    .constdata          gui.o
    0x08013854   0x00002858   Data   RO          617    .constdata          test.o
    0x080160ac   0x000004c0   Data   RO         1235    .constdata          ccsbcs.o
    0x0801656c   0x0000008d   Data   RO         1360    .constdata          ff.o
    0x080165f9   0x00000003   PAD
    0x080165fc   0x00000240   Data   RO         1581    .constdata          mcu-gpio.o
    0x0801683c   0x00000021   Data   RO         3603    .constdata          jansson_CM3LE.lib(dump.o)
    0x0801685d   0x00000081   Data   RO         5070    .constdata          mc_w.l(ctype_o.o)
    0x080168de   0x00000002   PAD
    0x080168e0   0x00000004   Data   RO         5071    .constdata          mc_w.l(ctype_o.o)
    0x080168e4   0x00000001   Data   RO          223    .conststring        smart_lock_json.o
    0x080168e5   0x00000003   PAD
    0x080168e8   0x00000020   Data   RO         5116    Region$$Table       anon$$obj.o


    Execution Region RW_IRAM1 (Base: 0x20000000, Size: 0x00004e58, Max: 0x00005000, ABSOLUTE)

    Base Addr    Size         Type   Attr      Idx    E Section Name        Object

    0x20000000   0x0000000c   Data   RW          183    .data               system.o
    0x2000000c   0x00000028   Data   RW          224    .data               smart_lock_json.o
    0x20000034   0x00000070   Data   RW          345    .data               smart_lock_sd_card.o
    0x200000a4   0x00000004   Data   RW          387    .data               smart_lock_rfid.o
    0x200000a8   0x00000004   Data   RW          670    .data               delay.o
    0x200000ac   0x00000006   Data   RW          819    .data               lcd.o
    0x200000b2   0x00000002   PAD
    0x200000b4   0x00000006   Data   RW         1361    .data               ff.o
    0x200000ba   0x00000008   Data   RW         1683    .data               timer.o
    0x200000c2   0x00000002   PAD
    0x200000c4   0x00000010   Data   RW         1737    .data               uart.o
    0x200000d4   0x00000014   Data   RW         2193    .data               stm32f10x_rcc.o
    0x200000e8   0x00000018   Data   RW         3927    .data               jansson_CM3LE.lib(value.o)
    0x20000100   0x00000008   Data   RW         4478    .data               jansson_CM3LE.lib(memory.o)
    0x20000108   0x00000004   Data   RW         4644    .data               jansson_CM3LE.lib(hashtable_seed.o)
    0x2000010c   0x00000004   Data   RW         5012    .data               mc_w.l(errno.o)
    0x20000110   0x00000004   Data   RW         5039    .data               mc_w.l(mvars.o)
    0x20000114   0x00000004   Data   RW         5040    .data               mc_w.l(mvars.o)
    0x20000118   0x00000118   Zero   RW          222    .bss                smart_lock_json.o
    0x20000230   0x0000318e   Zero   RW          343    .bss                smart_lock_sd_card.o
    0x200033be   0x0000012c   Zero   RW          386    .bss                smart_lock_rfid.o
    0x200034ea   0x0000000e   Zero   RW          818    .bss                lcd.o
    0x200034f8   0x00000058   Zero   RW         1057    .bss                spi_msd0_driver.o
    0x20003550   0x00000200   Zero   RW         1359    .bss                ff.o
    0x20003750   0x0000000a   Zero   RW         1682    .bss                timer.o
    0x2000375a   0x00000002   PAD
    0x2000375c   0x000003f8   Zero   RW         1736    .bss                uart.o
    0x20003b54   0x00000004   PAD
    0x20003b58   0x00000f00   Zero   RW         3540    HEAP                startup_stm32f10x_md.o
    0x20004a58   0x00000400   Zero   RW         3539    STACK               startup_stm32f10x_md.o


==============================================================================

Image component sizes


      Code (inc. data)   RO Data    RW Data    ZI Data      Debug   Object Name

       132         16       1216          0          0       4487   ccsbcs.o
       120         12          0          4          0       1292   delay.o
       434         38          0          0          0       5435   diskio.o
       210         30          0          0          0       7259   dma_stm32f10x.o
      6246         72        141          6        512      28296   ff.o
      3146         96      29366          0          0      14880   gui.o
         6          0          0          0          0        890   jansson_config.o
      1120         58          0          6         14       8473   lcd.o
        12          0          0          0          0     279379   main.o
       268         12        576          0          0       1879   mcu-gpio.o
       918          6          0          0          0       8909   mcu-mfrc522.o
       172         22          0          0          0       2245   misc.o
       824        188          1         40        280       7259   smart_lock_json.o
       140         30          0          4        300       1694   smart_lock_rfid.o
       488        182      14000        112      12686       1726   smart_lock_sd_card.o
       408         58          0          0          0       1571   smart_lock_tft.o
       358         22          0          0          0       2060   spi.o
      1740         62          0          0         88       8745   spi_msd0_driver.o
      1028         14          0          0          0       3616   spi_msd1_driver.o
        36          8        236          0       4864        824   startup_stm32f10x_md.o
       434          8          0          0          0       4225   stm32f10x_dma.o
       282          0          0          0          0       2647   stm32f10x_gpio.o
       308         38          0         20          0       5210   stm32f10x_rcc.o
       112          0          0          0          0       4086   stm32f10x_spi.o
       246         42          0          0          0       3810   stm32f10x_tim.o
       478          6          0          0          0       7710   stm32f10x_usart.o
       332         52          0         12          0       1336   system.o
       328         28          0          0          0       2029   system_stm32f10x.o
       888        250      10328          0          0       2059   test.o
       170         16          0          8         10       2233   timer.o
       696         84          0         16       1016       7320   uart.o

    ----------------------------------------------------------------------
     22122       1450      55902        232      19776     433584   Object Totals
         0          0         32          0          0          0   (incl. Generated)
        42          0          6          4          6          0   (incl. Padding)

    ----------------------------------------------------------------------

      Code (inc. data)   RO Data    RW Data    ZI Data      Debug   Library Member Name

      1534        162         33          0          0      17721   dump.o
       154          4          0          0          0       6477   error.o
      1000         32          0          0          0      17697   hashtable.o
        40          6          0          4          0       1280   hashtable_seed.o
      3288        680          0          0          0      19565   load.o
        86          8          0          8          0       6121   memory.o
       220          4          0          0          0       4432   strbuffer.o
       260         20          0          0          0       1934   strconv.o
       446         14          0          0          0       3830   utf.o
      1056         32          0         24          0      26443   value.o
        28          0          0          0          0         80   strtod.o
       144          0          0          0          0         88   __strtoll.o
        28          0          0          0          0         68   _chval.o
        64          0          0          0          0         84   _sgetc.o
       194          0          0          0          0         96   _strtoull.o
         8          4        133          0          0         68   ctype_o.o
         0          0          0          0          0          0   entry.o
         0          0          0          0          0          0   entry10a.o
         0          0          0          0          0          0   entry11a.o
         8          4          0          0          0          0   entry2.o
         4          0          0          0          0          0   entry5.o
         0          0          0          0          0          0   entry7b.o
         0          0          0          0          0          0   entry8b.o
         8          4          0          0          0          0   entry9a.o
         8          4          0          4          0         68   errno.o
        30          0          0          0          0          0   handlers.o
        36          8          0          0          0         68   init.o
        18          0          0          0          0         76   isspace_o.o
         0          0          0          0          0          0   iusefp.o
        30          0          0          0          0         68   llshl.o
        36          0          0          0          0         68   llsshr.o
        32          0          0          0          0         68   llushr.o
       188         20          0          0          0        160   malloc.o
        20          0          0          0          0         68   memchr.o
        64          0          0          0          0         76   memmovea.o
        36          0          0          0          0        108   memseta.o
         0          0          0          8          0          0   mvars.o
      2422        104          0          0          0        836   printfa.o
       156          0          0          0          0         88   qsort.o
       838         12          0          0          0        216   scanf_fp.o
        20          0          0          0          0         68   strchr.o
        28          0          0          0          0         76   strcmp.o
        18          0          0          0          0         68   strcpy.o
        14          0          0          0          0         68   strlen.o
        36          0          0          0          0         80   strstr.o
       156         12          0          0          0        120   strtod.o
         4          0          0          0          0         68   strtoll.o
        44          0          0          0          0         80   uidiv.o
        98          0          0          0          0         92   uldiv.o
        48          0          0          0          0         68   cdcmple.o
        48          0          0          0          0         68   cdrcmple.o
        56          0          0          0          0         88   d2f.o
       334          0          0          0          0        148   dadd.o
       222          0          0          0          0        100   ddiv.o
       186          0          0          0          0        176   depilogue.o
        48          0          0          0          0         68   dfixul.o
        24          0          0          0          0         76   dfltul.o
       228          0          0          0          0         96   dmul.o
       110          0          0          0          0        168   fepilogue.o

    ----------------------------------------------------------------------
     14232       1134        168         48          0     109728   Library Totals
        26          0          2          0          0          0   (incl. Padding)

    ----------------------------------------------------------------------

      Code (inc. data)   RO Data    RW Data    ZI Data      Debug   Library Name

      8084        962         33         36          0     105500   jansson_CM3LE.lib
        28          0          0          0          0         80   m_ws.l
      4790        172        133         12          0       3092   mc_w.l
      1304          0          0          0          0       1056   mf_w.l

    ----------------------------------------------------------------------
     14232       1134        168         48          0     109728   Library Totals

    ----------------------------------------------------------------------

==============================================================================


      Code (inc. data)   RO Data    RW Data    ZI Data      Debug   

     36354       2584      56070        280      19776     527808   Grand Totals
     36354       2584      56070        280      19776     527808   ELF Image Totals
     36354       2584      56070        280          0          0   ROM Totals

==============================================================================

    Total RO  Size (Code + RO Data)                92424 (  90.26kB)
    Total RW  Size (RW Data + ZI Data)             20056 (  19.59kB)
    Total ROM Size (Code + RO Data + RW Data)      92704 (  90.53kB)

==============================================================================

