<html>
<body>
<pre>
<h1>µVision Build Log</h1>
<h2>Tool Versions:</h2>
IDE-Version: µVision V5.21.1.0
Copyright (C) 2016 ARM Ltd and ARM Germany GmbH. All rights reserved.
License Information: do thai, Thai Electronic, LIC=UJWP0-B7KHN-HL9CL-0K6PL-9AMNC-W7DJC
 
Tool Versions:
Toolchain:       MDK-ARM Plus  Version: 5.21a
Toolchain Path:  H:\Kelic5\ARM\ARMCC\Bin
C Compiler:      Armcc.exe V5.06 update 3 (build 300)
Assembler:       Armasm.exe V5.06 update 3 (build 300)
Linker/Locator:  ArmLink.exe V5.06 update 3 (build 300)
Library Manager: ArmAr.exe V5.06 update 3 (build 300)
Hex Converter:   FromElf.exe V5.06 update 3 (build 300)
CPU DLL:         SARMCM3.DLL V5.21a
Dialog DLL:      DCM.DLL V1.13.8.0
Target DLL:      STLink\ST-LINKIII-KEIL_SWO.dll V2.0.18.0
Dialog DLL:      TCM.DLL V1.14.14.0
 
<h2>Project:</h2>
F:\FIle_New\Microcontroller\STM32\SMART_CARD_CHECK_SUM\uart_rx.uvprojx
Project File Date:  10/02/2021

<h2>Output:</h2>
*** Using Compiler 'V5.06 update 3 (build 300)', folder: 'H:\Kelic5\ARM\ARMCC\Bin'
Build target 'uart_rx'
compiling main.c...
project\main.c(27): warning:  #167-D: argument of type "unsigned char *" is incompatible with parameter of type "char *restrict"
  	strcpy(fr.StudentCode,"B18DCDT230");
project\main.c(32): warning:  #513-D: a value of type "char *" cannot be assigned to an entity of type "unsigned char *"
  	buffer = (char*)malloc(sizeof(fr));
project\main.c(73): warning:  #167-D: argument of type "unsigned char *" is incompatible with parameter of type "const char *"
  			if(strcmp(vrc_Res,"Do Van Thai")==0){
project\main.c: 3 warnings, 0 errors
linking...
Program Size: Code=3168 RO-data=844 RW-data=60 ZI-data=5652  
FromELF: creating hex file...
".\Objects\blinkled.axf" - 0 Error(s), 3 Warning(s).

<h2>Software Packages used:</h2>

Package Vendor: ARM
                http://www.keil.com/pack/ARM.CMSIS.4.5.0.pack
                ARM::CMSIS:CORE:4.3.0
                CMSIS (Cortex Microcontroller Software Interface Standard)
   * Component: CORE Version: 4.3.0

<h2>Collection of Component include folders:</h2>
  F:\FIle_New\Microcontroller\STM32\SMART_CARD_CHECK_SUM\RTE
  H:\Kelic5\ARM\PACK\ARM\CMSIS\4.5.0\CMSIS\Include
  H:\Kelic5\ARM\PACK\Keil\STM32F1xx_DFP\2.1.0\Device\Include

<h2>Collection of Component Files used:</h2>

   * Component: ARM::CMSIS:CORE:4.3.0
Build Time Elapsed:  00:00:01
</pre>
</body>
</html>
