<html>
<body>
<pre>
<h1>µVision Build Log</h1>
<h2>Tool Versions:</h2>
IDE-Version: µVision V5.21.1.0
Copyright (C) 2016 ARM Ltd and ARM Germany GmbH. All rights reserved.
License Information: thai do, Thai MCU, LIC=BUURY-IGIRR-IIL5V-PWTI1-5QI6S-KI0Y8
 
Tool Versions:
Toolchain:       MDK-ARM Plus  Version: 5.21a
Toolchain Path:  C:\Keil_v5\ARM\ARMCC\Bin
C Compiler:      Armcc.exe V5.06 update 3 (build 300)
Assembler:       Armasm.exe V5.06 update 3 (build 300)
Linker/Locator:  ArmLink.exe V5.06 update 3 (build 300)
Library Manager: ArmAr.exe V5.06 update 3 (build 300)
Hex Converter:   FromElf.exe V5.06 update 3 (build 300)
CPU DLL:         SARMCM3.DLL V5.21a
Dialog DLL:      DCM.DLL V1.13.8.0
Target DLL:      STLink\ST-LINKIII-KEIL_SWO.dll V2.0.18.0
Dialog DLL:      TCM.DLL V1.14.14.0
 
<h2>Project:</h2>
E:\FIle_New\Microcontroller\STM32\2.SENSOR\9.ILI9341_TOUCH\ili9341_TOUCH.uvprojx
Project File Date:  11/28/2021

<h2>Output:</h2>
*** Using Compiler 'V5.06 update 3 (build 300)', folder: 'C:\Keil_v5\ARM\ARMCC\Bin'
Build target 'ILI9341'
compiling main.c...
project\main.c(32): warning:  #177-D: variable "counter_buff" was declared but never referenced
  	char counter_buff[30];
project\main.c: 1 warning, 0 errors
linking...
Program Size: Code=5018 RO-data=6074 RW-data=28 ZI-data=1948  
FromELF: creating hex file...
".\Objects\blinkled.axf" - 0 Error(s), 1 Warning(s).

<h2>Collection of Component include folders:</h2>
  E:\FIle_New\Microcontroller\STM32\2.SENSOR\9.ILI9341_TOUCH\RTE
  C:\Keil_v5\ARM\PACK\Keil\STM32F1xx_DFP\2.1.0\Device\Include

<h2>Collection of Component Files used:</h2>
Build Time Elapsed:  00:00:03
</pre>
</body>
</html>
