<html>
<body>
<pre>
<h1>µVision Build Log</h1>
<h2>Tool Versions:</h2>
IDE-Version: µVision V5.21.1.0
Copyright (C) 2016 ARM Ltd and ARM Germany GmbH. All rights reserved.
License Information: thai do, Thai MCU, LIC=BUURY-IGIRR-IIL5V-PWTI1-5QI6S-KI0Y8
 
Tool Versions:
Toolchain:       MDK-ARM Plus  Version: 5.21a
Toolchain Path:  C:\Keil_v5\ARM\ARMCC\Bin
C Compiler:      Armcc.exe V5.06 update 3 (build 300)
Assembler:       Armasm.exe V5.06 update 3 (build 300)
Linker/Locator:  ArmLink.exe V5.06 update 3 (build 300)
Library Manager: ArmAr.exe V5.06 update 3 (build 300)
Hex Converter:   FromElf.exe V5.06 update 3 (build 300)
CPU DLL:         SARMCM3.DLL V5.21a
Dialog DLL:      DCM.DLL V1.13.8.0
Target DLL:      STLink\ST-LINKIII-KEIL_SWO.dll V2.0.18.0
Dialog DLL:      TCM.DLL V1.14.14.0
 
<h2>Project:</h2>
E:\FIle_New\Microcontroller\STM32\1.TFT_ILI9341\SDcard_TFT\MDK\SDcard_TFT.uvprojx
Project File Date:  11/05/2021

<h2>Output:</h2>
*** Using Compiler 'V5.06 update 3 (build 300)', folder: 'C:\Keil_v5\ARM\ARMCC\Bin'
Build target 'Smart_Card'
compiling main.c...
compiling Smart_lock_Json.c...
compiling system.c...
compiling Smart_lock_TFT.c...
..\LIB\Lib_TFT\Smart_lock_TFT.c(31): warning:  #167-D: argument of type "char *" is incompatible with parameter of type "u8 *"
  	Show_Str(190,85,
LUE,
LUE,new_name,16,1);
..\LIB\Lib_TFT\Smart_lock_TFT.c(32): warning:  #167-D: argument of type "char *" is incompatible with parameter of type "u8 *"
  	Show_Str(190,105,
LUE,
LUE,new_gender,16,1);
..\LIB\Lib_TFT\Smart_lock_TFT.c(33): warning:  #167-D: argument of type "char *" is incompatible with parameter of type "u8 *"
  	Show_Str(190,125,
LUE,
LUE,new_birth,16,1);
..\LIB\Lib_TFT\Smart_lock_TFT.c(34): warning:  #167-D: argument of type "char *" is incompatible with parameter of type "u8 *"
  	Show_Str(190,145,
LUE,
LUE,new_ID,16,1);
..\LIB\Lib_TFT\Smart_lock_TFT.c(36): warning:  #167-D: argument of type "char *" is incompatible with parameter of type "u8 *"
  	Show_Str(5,188,
ED,
LUE,new_msv,16,1);
..\LIB\Lib_TFT\Smart_lock_TFT.c(50): warning:  #167-D: argument of type "char *" is incompatible with parameter of type "u8 *"
  	Show_Str(190,85,
LUE,
LUE,new_name,16,1);
..\LIB\Lib_TFT\Smart_lock_TFT.c(51): warning:  #167-D: argument of type "char *" is incompatible with parameter of type "u8 *"
  	Show_Str(190,105,
LUE,
LUE,new_gender,16,1);
..\LIB\Lib_TFT\Smart_lock_TFT.c(52): warning:  #167-D: argument of type "char *" is incompatible with parameter of type "u8 *"
  	Show_Str(190,125,
LUE,
LUE,new_birth,16,1);
..\LIB\Lib_TFT\Smart_lock_TFT.c(53): warning:  #167-D: argument of type "char *" is incompatible with parameter of type "u8 *"
  	Show_Str(190,145,
LUE,
LUE,new_ID,16,1);
..\LIB\Lib_TFT\Smart_lock_TFT.c(54): warning:  #167-D: argument of type "char *" is incompatible with parameter of type "u8 *"
  	Show_Str(190,165,
LUE,
LUE,new_class,16,1);
..\LIB\Lib_TFT\Smart_lock_TFT.c(55): warning:  #167-D: argument of type "char *" is incompatible with parameter of type "u8 *"
  	Show_Str(5,188,
ED,
LUE,new_msv,16,1);
..\LIB\Lib_TFT\Smart_lock_TFT.c: 12 warnings, 0 errors
compiling Smart_lock_RFID.c...
compiling Smart_lock_SD_Card.c...
..\LIB\Lib_SD_Card\Smart_lock_SD_Card.c(952): warning:  #167-D: argument of type "unsigned char *" is incompatible with parameter of type "char *"
  			UART_PutStr(
SART1,buffer1);
..\LIB\Lib_SD_Card\Smart_lock_SD_Card.c(961): warning:  #167-D: argument of type "unsigned char *" is incompatible with parameter of type "char *"
  		UART_PutStr(
SART1,buffer1);
..\LIB\Lib_SD_Card\Smart_lock_SD_Card.c: 2 warnings, 0 errors
compiling delay.c...
compiling test.c...
compiling GUI.c...
..\LIB\Lib_TFT\USER\GUI.c(889): warning:  #177-D: variable "size" was declared but never referenced
  	uint16_t size;
..\LIB\Lib_TFT\USER\GUI.c(912): warning:  #177-D: variable "size" was declared but never referenced
  	uint16_t size;	
..\LIB\Lib_TFT\USER\GUI.c(933): warning:  #177-D: variable "size" was declared but never referenced
  	uint16_t size;
..\LIB\Lib_TFT\USER\GUI.c(956): warning:  #177-D: variable "size" was declared but never referenced
  	uint16_t size;
..\LIB\Lib_TFT\USER\GUI.c: 4 warnings, 0 errors
compiling sys.c...
compiling led.c...
compiling lcd.c...
compiling mcu-mfrc522.c...
compiling SPI_MSD0_Driver.c...
compiling ccsbcs.c...
compiling SPI_MSD1_Driver.c...
compiling diskio.c...
compiling ff.c...
..\LIB\Lib_FATFS_V0.09\src\ff.c(1653): warning:  #111-D: statement is unreachable
  			w = (w << 8) + b;			/* Create a DBC */
..\LIB\Lib_FATFS_V0.09\src\ff.c: 1 warning, 0 errors
compiling mcu-gpio.c...
compiling SPI.c...
compiling jansson_config.c...
compiling Timer.c...
compiling UART.c...
compiling misc.c...
compiling stm32f10x_dma.c...
compiling stm32f10x_exti.c...
compiling stm32f10x_gpio.c...
compiling stm32f10x_rcc.c...
compiling stm32f10x_spi.c...
compiling stm32f10x_usart.c...
compiling stm32f10x_tim.c...
compiling stm32f10x_wwdg.c...
assembling startup_stm32f10x_md.s...
compiling DMA_STM32F10x.c...
compiling GPIO_STM32F10x.c...
compiling system_stm32f10x.c...
linking...
Program Size: Code=36354 RO-data=56070 RW-data=280 ZI-data=19776  
".\Objects\Smart_Card.axf" - 0 Error(s), 18 Warning(s).

<h2>Software Packages used:</h2>

Package Vendor: ARM
                http://www.keil.com/pack/ARM.CMSIS.5.6.0.pack
                ARM::CMSIS:CORE:5.3.0
                CMSIS (Cortex Microcontroller Software Interface Standard)
   * Component: CORE Version: 5.3.0

Package Vendor: Keil
                http://www.keil.com/pack/Keil.Jansson.1.0.0.pack
                Keil::Data Exchange:JSON:Jansson:2.7.0
                Jansson is a C library for encoding, decoding and manipulating JSON data
   * Component: Jansson Version: 2.7.0

Package Vendor: Keil
                http://www.keil.com/pack/Keil.STM32F1xx_DFP.2.1.0.pack
                Keil::Device:Startup:1.0.0
                STMicroelectronics STM32F1 Series Device Support, Drivers and Examples
   * Component: Startup Version: 1.0.0
   * Component: Framework Version: 3.5.1
   * Component: WWDG Version: 3.5.0
   * Component: EXTI Version: 3.5.0
   * Component: RCC Version: 3.5.0
   * Component: SPI Version: 3.5.0
   * Component: TIM Version: 3.5.0
   * Component: GPIO Version: 1.2
   * Component: DMA Version: 1.2
   * Component: USART Version: 3.5.0
   * Component: DMA Version: 3.5.0
   * Component: GPIO Version: 3.5.0

<h2>Collection of Component include folders:</h2>
  E:\FIle_New\Microcontroller\STM32\1.TFT_ILI9341\SDcard_TFT\MDK\RTE
  E:\FIle_New\Microcontroller\STM32\1.TFT_ILI9341\SDcard_TFT\MDK\RTE\Device\STM32F103C8
  C:\Keil_v5\ARM\PACK\ARM\CMSIS\5.6.0\CMSIS\Core\Include
  C:\Keil_v5\ARM\PACK\Keil\Jansson\1.0.0\src
  C:\Keil_v5\ARM\PACK\Keil\STM32F1xx_DFP\2.1.0\Device\Include
  C:\Keil_v5\ARM\PACK\Keil\STM32F1xx_DFP\2.1.0\Device\StdPeriph_Driver\inc
  C:\Keil_v5\ARM\PACK\Keil\STM32F1xx_DFP\2.1.0\RTE_Driver

<h2>Collection of Component Files used:</h2>

   * Component: ARM::CMSIS:CORE:5.3.0

   * Component: Keil::Data Exchange:JSON:Jansson:2.7.0
      Include file:  src\jansson.h
      Source file:   src\jansson_config.c
      Library file:  lib\jansson_CM3LE.lib

   * Component: Keil::Device:Startup:1.0.0
      Source file:   Device\Source\ARM\STM32F1xx_OPT.s
      Include file:  RTE_Driver\Config\RTE_Device.h
      Source file:   Device\Source\ARM\startup_stm32f10x_md.s
      Source file:   Device\Source\system_stm32f10x.c

   * Component: Keil::Device:StdPeriph Drivers:Framework:3.5.1
      Include file:  Device\StdPeriph_Driver\inc\misc.h
      Source file:   Device\StdPeriph_Driver\templates\stm32f10x_conf.h
      Source file:   Device\StdPeriph_Driver\templates\stm32f10x_it.c
      Source file:   Device\StdPeriph_Driver\src\misc.c
      Include file:  Device\StdPeriph_Driver\templates\stm32f10x_it.h

   * Component: Keil::Device:StdPeriph Drivers:WWDG:3.5.0
      Source file:   Device\StdPeriph_Driver\src\stm32f10x_wwdg.c
      Include file:  Device\StdPeriph_Driver\inc\stm32f10x_wwdg.h

   * Component: Keil::Device:StdPeriph Drivers:EXTI:3.5.0
      Include file:  Device\StdPeriph_Driver\inc\stm32f10x_exti.h
      Source file:   Device\StdPeriph_Driver\src\stm32f10x_exti.c

   * Component: Keil::Device:StdPeriph Drivers:RCC:3.5.0
      Source file:   Device\StdPeriph_Driver\src\stm32f10x_rcc.c
      Include file:  Device\StdPeriph_Driver\inc\stm32f10x_rcc.h

   * Component: Keil::Device:StdPeriph Drivers:SPI:3.5.0
      Source file:   Device\StdPeriph_Driver\src\stm32f10x_spi.c
      Include file:  Device\StdPeriph_Driver\inc\stm32f10x_spi.h

   * Component: Keil::Device:StdPeriph Drivers:TIM:3.5.0
      Include file:  Device\StdPeriph_Driver\inc\stm32f10x_tim.h
      Source file:   Device\StdPeriph_Driver\src\stm32f10x_tim.c

   * Component: Keil::Device:GPIO:1.2
      Include file:  RTE_Driver\GPIO_STM32F10x.h
      Source file:   RTE_Driver\GPIO_STM32F10x.c

   * Component: Keil::Device:DMA:1.2
      Source file:   RTE_Driver\DMA_STM32F10x.c
      Include file:  RTE_Driver\DMA_STM32F10x.h

   * Component: Keil::Device:StdPeriph Drivers:USART:3.5.0
      Include file:  Device\StdPeriph_Driver\inc\stm32f10x_usart.h
      Source file:   Device\StdPeriph_Driver\src\stm32f10x_usart.c

   * Component: Keil::Device:StdPeriph Drivers:DMA:3.5.0
      Source file:   Device\StdPeriph_Driver\src\stm32f10x_dma.c
      Include file:  Device\StdPeriph_Driver\inc\stm32f10x_dma.h

   * Component: Keil::Device:StdPeriph Drivers:GPIO:3.5.0
      Include file:  Device\StdPeriph_Driver\inc\stm32f10x_gpio.h
      Source file:   Device\StdPeriph_Driver\src\stm32f10x_gpio.c
Build Time Elapsed:  00:00:28
</pre>
</body>
</html>
